ARM Linker, 5.03 [Build 76] [MDK-ARM Standard]

==============================================================================

Section Cross References

    main.o(i.main) refers to sys.o(i.IWDG_Init) for IWDG_Init
    main.o(i.main) refers to stm32f10x_rcc.o(i.RCC_GetClocksFreq) for RCC_GetClocksFreq
    main.o(i.main) refers to sys.o(i.NVIC_Configuration) for NVIC_Configuration
    main.o(i.main) refers to delay.o(i.delay_init) for delay_init
    main.o(i.main) refers to rtc.o(i.RTC_Init) for RTC_Init
    main.o(i.main) refers to 24cxx.o(i.AT24CXX_Init) for AT24CXX_Init
    main.o(i.main) refers to led.o(i.LED_Init) for LED_Init
    main.o(i.main) refers to usart.o(i.TIM2_Init) for TIM2_Init
    main.o(i.main) refers to usart.o(i.USART1_Init) for USART1_Init
    main.o(i.main) refers to usart2.o(i.USART2_Init) for USART2_Init
    main.o(i.main) refers to usart.o(i.UART4_Init) for UART4_Init
    main.o(i.main) refers to malloc.o(i.mem_init) for mem_init
    main.o(i.main) refers to sys.o(i.IWDG_Feed) for IWDG_Feed
    main.o(i.main) refers to common.o(i.ReadParametersFromEEPROM) for ReadParametersFromEEPROM
    main.o(i.main) refers to rtos_task.o(i.AppObjCreate) for AppObjCreate
    main.o(i.main) refers to rtos_task.o(i.AppTaskCreate) for AppTaskCreate
    main.o(i.main) refers to tasks.o(i.vTaskStartScheduler) for vTaskStartScheduler
    main.o(i.main) refers to delay.o(i.delay_ms) for delay_ms
    main.o(i.main) refers to main.o(.bss) for .bss
    common.o(i.CRC16) refers to common.o(.data) for .data
    common.o(i.CRC32) refers to common.o(.constdata) for .constdata
    common.o(i.CopyStrToPointer) refers to malloc.o(i.myfree) for myfree
    common.o(i.CopyStrToPointer) refers to malloc.o(i.mymalloc) for mymalloc
    common.o(i.CopyStrToPointer) refers to rt_memclr.o(.text) for __aeabi_memclr
    common.o(i.CopyStrToPointer) refers to rt_memcpy_v6.o(.text) for __aeabi_memcpy
    common.o(i.GetAPN) refers to common.o(i.GetMemoryForString) for GetMemoryForString
    common.o(i.GetAPN) refers to common.o(.bss) for .bss
    common.o(i.GetAPN) refers to common.o(.data) for .data
    common.o(i.GetDeviceICCID) refers to common.o(i.GetMemoryForString) for GetMemoryForString
    common.o(i.GetDeviceICCID) refers to common.o(.bss) for .bss
    common.o(i.GetDeviceICCID) refers to common.o(.data) for .data
    common.o(i.GetDeviceID) refers to common.o(i.GetMemoryForString) for GetMemoryForString
    common.o(i.GetDeviceID) refers to common.o(.bss) for .bss
    common.o(i.GetDeviceID) refers to common.o(.data) for .data
    common.o(i.GetDeviceIMSI) refers to common.o(i.GetMemoryForString) for GetMemoryForString
    common.o(i.GetDeviceIMSI) refers to common.o(.bss) for .bss
    common.o(i.GetDeviceIMSI) refers to common.o(.data) for .data
    common.o(i.GetDeviceName) refers to common.o(i.GetMemoryForString) for GetMemoryForString
    common.o(i.GetDeviceName) refers to common.o(.bss) for .bss
    common.o(i.GetDeviceName) refers to common.o(.data) for .data
    common.o(i.GetDeviceUUID) refers to common.o(i.GetMemoryForString) for GetMemoryForString
    common.o(i.GetDeviceUUID) refers to common.o(.bss) for .bss
    common.o(i.GetDeviceUUID) refers to common.o(.data) for .data
    common.o(i.GetMemoryForString) refers to common.o(i.GetDatBit) for GetDatBit
    common.o(i.GetMemoryForString) refers to malloc.o(i.mymalloc) for mymalloc
    common.o(i.GetMemoryForString) refers to strlen.o(.text) for strlen
    common.o(i.GetMemoryForString) refers to malloc.o(i.myfree) for myfree
    common.o(i.GetMemoryForString) refers to rt_memclr.o(.text) for __aeabi_memclr
    common.o(i.GetMemoryForString) refers to common.o(i.IntToString) for IntToString
    common.o(i.GetMemoryForString) refers to rt_memcpy_v6.o(.text) for __aeabi_memcpy
    common.o(i.GetServerDomain) refers to common.o(i.GetMemoryForString) for GetMemoryForString
    common.o(i.GetServerDomain) refers to common.o(.bss) for .bss
    common.o(i.GetServerDomain) refers to common.o(.data) for .data
    common.o(i.GetServerIP) refers to common.o(i.GetMemoryForString) for GetMemoryForString
    common.o(i.GetServerIP) refers to common.o(.bss) for .bss
    common.o(i.GetServerIP) refers to common.o(.data) for .data
    common.o(i.GetServerPort) refers to common.o(i.GetMemoryForString) for GetMemoryForString
    common.o(i.GetServerPort) refers to common.o(.bss) for .bss
    common.o(i.GetServerPort) refers to common.o(.data) for .data
    common.o(i.GetSysTick100ms) refers to common.o(.data) for .data
    common.o(i.GetSysTick10ms) refers to common.o(.data) for .data
    common.o(i.GetSysTick1ms) refers to common.o(.data) for .data
    common.o(i.GetSysTick1s) refers to common.o(.data) for .data
    common.o(i.IntToString) refers to common.o(i.GetDatBit) for GetDatBit
    common.o(i.IntToString) refers to common.o(i.GetADV) for GetADV
    common.o(i.MyStrstr) refers to memcmp.o(.text) for memcmp
[...]
    nbiot_init_environment                   0x080106d5   Thumb Code    32  environment.o(i.nbiot_init_environment)
    nbiot_itoa                               0x080106f9   Thumb Code    84  utils.o(i.nbiot_itoa)
    nbiot_list_add                           0x0801074d   Thumb Code    44  nblist.o(i.nbiot_list_add)
    nbiot_list_del                           0x08010779   Thumb Code    70  nblist.o(i.nbiot_list_del)
    nbiot_list_free                          0x080107bf   Thumb Code    20  nblist.o(i.nbiot_list_free)
    nbiot_list_get                           0x080107d3   Thumb Code    22  nblist.o(i.nbiot_list_get)
    nbiot_malloc                             0x080107e9   Thumb Code     4  memory.o(i.nbiot_malloc)
    nbiot_memmove                            0x080107ed   Thumb Code    30  utils.o(i.nbiot_memmove)
    nbiot_memzero                            0x0801080b   Thumb Code    20  utils.o(i.nbiot_memzero)
    nbiot_node_find                          0x0801081f   Thumb Code    64  node.o(i.nbiot_node_find)
    nbiot_node_read                          0x08010861   Thumb Code   374  node.o(i.nbiot_node_read)
    nbiot_node_write                         0x080109e9   Thumb Code   270  node.o(i.nbiot_node_write)
    nbiot_observe_add                        0x08010afd   Thumb Code   286  observe.o(i.nbiot_observe_add)
    nbiot_observe_step                       0x08010c1b   Thumb Code   236  observe.o(i.nbiot_observe_step)
    nbiot_rand                               0x08010d09   Thumb Code    28  utils.o(i.nbiot_rand)
    nbiot_recv_buffer                        0x08010d29   Thumb Code    20  nbiot.o(i.nbiot_recv_buffer)
    nbiot_register_start                     0x08010d3d   Thumb Code    52  registraction.o(i.nbiot_register_start)
    nbiot_register_step                      0x08010d75   Thumb Code    72  registraction.o(i.nbiot_register_step)
    nbiot_register_update                    0x08010dbd   Thumb Code    44  registraction.o(i.nbiot_register_update)
    nbiot_resource_add                       0x08010ded   Thumb Code   432  nbiot.o(i.nbiot_resource_add)
    nbiot_send_buffer                        0x08010fb5   Thumb Code   250  nbiot.o(i.nbiot_send_buffer)
    nbiot_sleep                              0x080110af   Thumb Code     6  delay.o(i.nbiot_sleep)
    nbiot_strdup                             0x080110b5   Thumb Code    50  utils.o(i.nbiot_strdup)
    nbiot_strlen                             0x080110e7   Thumb Code    16  utils.o(i.nbiot_strlen)
    nbiot_strncpy                            0x080110f7   Thumb Code    30  utils.o(i.nbiot_strncpy)
    nbiot_time                               0x08011115   Thumb Code    16  delay.o(i.nbiot_time)
    nbiot_transaction_add                    0x08011129   Thumb Code   108  transaction.o(i.nbiot_transaction_add)
    nbiot_transaction_del                    0x08011195   Thumb Code    64  transaction.o(i.nbiot_transaction_del)
    nbiot_transaction_step                   0x080111d5   Thumb Code    86  transaction.o(i.nbiot_transaction_step)
    nbiot_udp_recv                           0x0801122b   Thumb Code    26  socket.o(i.nbiot_udp_recv)
    nbiot_udp_send                           0x08011245   Thumb Code    18  socket.o(i.nbiot_udp_send)
    netdev_init                              0x08011259   Thumb Code   228  bcxx.o(i.netdev_init)
    netif_rx                                 0x08011389   Thumb Code    72  bcxx.o(i.netif_rx)
    pow                                      0x08011499   Thumb Code  2510  pow.o(i.pow)
    pvTaskIncrementMutexHeldCount            0x08012079   Thumb Code    18  tasks.o(i.pvTaskIncrementMutexHeldCount)
    pxPortInitialiseStack                    0x08012091   Thumb Code    28  port.o(i.pxPortInitialiseStack)
    read_callback                            0x080120b1   Thumb Code     2  task_net.o(i.read_callback)
    register_cmd_handler                     0x080120b5   Thumb Code    10  at_cmd.o(i.register_cmd_handler)
    res_update                               0x08012101   Thumb Code    74  task_net.o(i.res_update)
    ringbuf_clear                            0x08012155   Thumb Code    14  ringbuf.o(i.ringbuf_clear)
    ringbuf_elements                         0x08012163   Thumb Code    12  ringbuf.o(i.ringbuf_elements)
    ringbuf_init                             0x0801216f   Thumb Code    14  ringbuf.o(i.ringbuf_init)
    search_str                               0x0801217d   Thumb Code    24  common.o(i.search_str)
    sqrt                                     0x08012195   Thumb Code    76  sqrt.o(i.sqrt)
    sync_sensor_data                         0x080121e1   Thumb Code    66  task_net.o(i.sync_sensor_data)
    unregister_all_things                    0x08012231   Thumb Code    34  task_net.o(i.unregister_all_things)
    uxListRemove                             0x08012259   Thumb Code    36  list.o(i.uxListRemove)
    uxTaskGetStackHighWaterMark              0x0801227d   Thumb Code    12  tasks.o(i.uxTaskGetStackHighWaterMark)
    vListInitialise                          0x0801228d   Thumb Code    22  list.o(i.vListInitialise)
    vListInitialiseItem                      0x080122a3   Thumb Code     6  list.o(i.vListInitialiseItem)
    vListInsert                              0x080122a9   Thumb Code    48  list.o(i.vListInsert)
    vListInsertEnd                           0x080122d9   Thumb Code    24  list.o(i.vListInsertEnd)
    vPortEnterCritical                       0x080122f1   Thumb Code    62  port.o(i.vPortEnterCritical)
    vPortExitCritical                        0x08012339   Thumb Code    34  port.o(i.vPortExitCritical)
    vPortSetupTimerInterrupt                 0x08012361   Thumb Code    26  port.o(i.vPortSetupTimerInterrupt)
    vTaskDelay                               0x08012381   Thumb Code    94  tasks.o(i.vTaskDelay)
    vTaskHCI                                 0x080123e9   Thumb Code   166  task_hci.o(i.vTaskHCI)
    vTaskLED                                 0x080124cd   Thumb Code   110  task_led.o(i.vTaskLED)
    vTaskMAIN                                0x08012549   Thumb Code   142  task_main.o(i.vTaskMAIN)
    vTaskMissedYield                         0x080125f1   Thumb Code     8  tasks.o(i.vTaskMissedYield)
    vTaskNET                                 0x080125fd   Thumb Code   126  task_net.o(i.vTaskNET)
    vTaskPlaceOnEventList                    0x08012689   Thumb Code    90  tasks.o(i.vTaskPlaceOnEventList)
    vTaskPriorityInherit                     0x080126ed   Thumb Code   124  tasks.o(i.vTaskPriorityInherit)
    vTaskSENSOR                              0x08012771   Thumb Code   198  task_sensor.o(i.vTaskSENSOR)
    vTaskSetTimeOutState                     0x08012871   Thumb Code    30  tasks.o(i.vTaskSetTimeOutState)
    vTaskStartScheduler                      0x08012895   Thumb Code    86  tasks.o(i.vTaskStartScheduler)
    vTaskSuspendAll                          0x080128fd   Thumb Code    10  tasks.o(i.vTaskSuspendAll)
    vTaskSwitchContext                       0x0801290d   Thumb Code    82  tasks.o(i.vTaskSwitchContext)
    write_callback                           0x08012969   Thumb Code   166  task_net.o(i.write_callback)
    xPortStartScheduler                      0x08012a11   Thumb Code   112  port.o(i.xPortStartScheduler)
    xPortSysTickHandler                      0x08012a8d   Thumb Code    38  port.o(i.xPortSysTickHandler)
    xQueueCreateMutex                        0x08012ab9   Thumb Code    74  queue.o(i.xQueueCreateMutex)
    xQueueGenericCreate                      0x08012b03   Thumb Code   100  queue.o(i.xQueueGenericCreate)
    xQueueGenericReceive                     0x08012b69   Thumb Code   372  queue.o(i.xQueueGenericReceive)
    xQueueGenericReset                       0x08012ce1   Thumb Code   126  queue.o(i.xQueueGenericReset)
    xQueueGenericSend                        0x08012d65   Thumb Code   352  queue.o(i.xQueueGenericSend)
    xTaskCheckForTimeOut                     0x08012ec9   Thumb Code   102  tasks.o(i.xTaskCheckForTimeOut)
    xTaskGenericCreate                       0x08012f35   Thumb Code   442  tasks.o(i.xTaskGenericCreate)
    xTaskGetSchedulerState                   0x08013101   Thumb Code    22  tasks.o(i.xTaskGetSchedulerState)
    xTaskIncrementTick                       0x0801311d   Thumb Code   194  tasks.o(i.xTaskIncrementTick)
    xTaskPriorityDisinherit                  0x080131e9   Thumb Code   144  tasks.o(i.xTaskPriorityDisinherit)
    xTaskRemoveFromEventList                 0x08013281   Thumb Code   108  tasks.o(i.xTaskRemoveFromEventList)
    xTaskResumeAll                           0x080132f5   Thumb Code   182  tasks.o(i.xTaskResumeAll)
    _get_lc_ctype                            0x080133b9   Thumb Code    44  lc_ctype_c.o(locale$$code)
    _get_lc_numeric                          0x080133e5   Thumb Code    44  lc_numeric_c.o(locale$$code)
    __aeabi_dadd                             0x08013411   Thumb Code     0  daddsub_clz.o(x$fpl$dadd)
    _dadd                                    0x08013411   Thumb Code   332  daddsub_clz.o(x$fpl$dadd)
    __fpl_dcheck_NaN1                        0x08013561   Thumb Code    10  dcheck1.o(x$fpl$dcheck1)
    __fpl_dcmp_Inf                           0x08013571   Thumb Code    24  dcmpi.o(x$fpl$dcmpinf)
    __aeabi_ddiv                             0x08013589   Thumb Code     0  ddiv.o(x$fpl$ddiv)
    _ddiv                                    0x08013589   Thumb Code   552  ddiv.o(x$fpl$ddiv)
    __aeabi_d2uiz                            0x08013839   Thumb Code     0  dfixu.o(x$fpl$dfixu)
    _dfixu                                   0x08013839   Thumb Code    90  dfixu.o(x$fpl$dfixu)
    __aeabi_i2d                              0x08013893   Thumb Code     0  dflt_clz.o(x$fpl$dflt)
    _dflt                                    0x08013893   Thumb Code    46  dflt_clz.o(x$fpl$dflt)
    __aeabi_l2d                              0x080138c1   Thumb Code     0  dfltll_clz.o(x$fpl$dfltll)
    _ll_sto_d                                0x080138c1   Thumb Code   162  dfltll_clz.o(x$fpl$dfltll)
    __aeabi_ui2d                             0x08013963   Thumb Code     0  dflt_clz.o(x$fpl$dfltu)
    _dfltu                                   0x08013963   Thumb Code    38  dflt_clz.o(x$fpl$dfltu)
    __aeabi_cdcmple                          0x08013989   Thumb Code     0  dleqf.o(x$fpl$dleqf)
    _dcmple                                  0x08013989   Thumb Code   120  dleqf.o(x$fpl$dleqf)
    __fpl_dcmple_InfNaN                      0x080139eb   Thumb Code     0  dleqf.o(x$fpl$dleqf)
    __aeabi_dmul                             0x08013a01   Thumb Code     0  dmul.o(x$fpl$dmul)
    _dmul                                    0x08013a01   Thumb Code   332  dmul.o(x$fpl$dmul)
    __fpl_dnaninf                            0x08013b55   Thumb Code   156  dnaninf.o(x$fpl$dnaninf)
    __fpl_dretinf                            0x08013bf1   Thumb Code    12  dretinf.o(x$fpl$dretinf)
    __aeabi_cdrcmple                         0x08013bfd   Thumb Code     0  drleqf.o(x$fpl$drleqf)
    _drcmple                                 0x08013bfd   Thumb Code   108  drleqf.o(x$fpl$drleqf)
    __aeabi_drsub                            0x08013c69   Thumb Code     0  daddsub_clz.o(x$fpl$drsb)
    _drsb                                    0x08013c69   Thumb Code    22  daddsub_clz.o(x$fpl$drsb)
    _dsqrt                                   0x08013c81   Thumb Code   456  dsqrt_noumaal.o(x$fpl$dsqrt)
    __aeabi_dsub                             0x08013e4d   Thumb Code     0  daddsub_clz.o(x$fpl$dsub)
    _dsub                                    0x08013e4d   Thumb Code   464  daddsub_clz.o(x$fpl$dsub)
    __aeabi_f2d                              0x08014021   Thumb Code     0  f2d.o(x$fpl$f2d)
    _f2d                                     0x08014021   Thumb Code    86  f2d.o(x$fpl$f2d)
    __aeabi_i2f                              0x08014079   Thumb Code     0  fflt_clz.o(x$fpl$fflt)
    _fflt                                    0x08014079   Thumb Code    48  fflt_clz.o(x$fpl$fflt)
    __aeabi_ui2f                             0x080140a9   Thumb Code     0  fflt_clz.o(x$fpl$ffltu)
    _ffltu                                   0x080140a9   Thumb Code    38  fflt_clz.o(x$fpl$ffltu)
    __fpl_fnaninf                            0x080140cf   Thumb Code   140  fnaninf.o(x$fpl$fnaninf)
    __aeabi_d2lz                             0x0801415d   Thumb Code     0  dfixll.o(x$fpl$llsfromd)
    _ll_sfrom_d                              0x0801415d   Thumb Code   194  dfixll.o(x$fpl$llsfromd)
    _printf_fp_dec                           0x0801421f   Thumb Code     4  printf1.o(x$fpl$printf1)
    __fpl_return_NaN                         0x08014223   Thumb Code   100  retnan.o(x$fpl$retnan)
    __ARM_scalbn                             0x08014287   Thumb Code    92  scalbn.o(x$fpl$scalbn)
    __fpl_cmpreturn                          0x080142e3   Thumb Code    48  trapv.o(x$fpl$trapveneer)
    __I$use$fp                               0x08014312   Number         0  usenofp.o(x$fpl$usenofp)
    table_week                               0x08014312   Data          12  rtc.o(.constdata)
    mon_table                                0x0801431e   Data          12  rtc.o(.constdata)
    _monlen                                  0x080143f0   Data          12  _monlen.o(.constdata)
    __mathlib_zero                           0x08014400   Data           8  qnan.o(.constdata)
    Region$$Table$$Base                      0x0801449c   Number         0  anon$$obj.o(Region$$Table)
    Region$$Table$$Limit                     0x080144bc   Number         0  anon$$obj.o(Region$$Table)
    __ctype                                  0x080144c9   Data           0  lc_ctype_c.o(locale$$data)
    TimeGroupNumber                          0x20000000   Data           1  common.o(.data)
    HaveNewFirmWare                          0x20000001   Data           1  common.o(.data)
    NewFirmWareAdd                           0x20000002   Data           1  common.o(.data)
    LastBagByteNum                           0x20000003   Data           1  common.o(.data)
    Operators                                0x20000004   Data           1  common.o(.data)
    PowerINTFC                               0x20000005   Data           1  common.o(.data)
    TimeZone                                 0x20000006   Data           1  common.o(.data)
    LightLevelPercent                        0x20000007   Data           1  common.o(.data)
    NewFirmWareBagNum                        0x20000008   Data           2  common.o(.data)
    NewFirmWareVer                           0x2000000a   Data           2  common.o(.data)
    UpLoadINCL                               0x2000000c   Data           2  common.o(.data)
    RegularTimeWeekDay                       0x20000010   Data           4  common.o(.data)
    RegularTimeWeekEnd                       0x20000014   Data           4  common.o(.data)
    RegularTimeHoliday                       0x20000018   Data           4  common.o(.data)
    xMutex_STRATEGY                          0x2000001c   Data           4  common.o(.data)
    SysTick1ms                               0x20000020   Data           4  common.o(.data)
    SysTick10ms                              0x20000024   Data           4  common.o(.data)
    SysTick100ms                             0x20000028   Data           4  common.o(.data)
    SysTick1s                                0x2000002c   Data           4  common.o(.data)
    BootLoaderVersion                        0x20000030   Data           4  common.o(.data)
    SoftWareVersion                          0x20000034   Data           4  common.o(.data)
    HardWareVersion                          0x20000038   Data           4  common.o(.data)
    DeviceName                               0x2000003c   Data           4  common.o(.data)
    DeviceID                                 0x20000040   Data           4  common.o(.data)
    DeviceUUID                               0x20000044   Data           4  common.o(.data)
    DeviceICCID                              0x20000048   Data           4  common.o(.data)
    DeviceIMSI                               0x2000004c   Data           4  common.o(.data)
    APName                                   0x20000050   Data           4  common.o(.data)
    ServerDomain                             0x20000054   Data           4  common.o(.data)
    ServerIP                                 0x20000058   Data           4  common.o(.data)
    ServerPort                               0x2000005c   Data           4  common.o(.data)
    HolodayRange                             0x20000060   Data           6  common.o(.data)
    xMutex_IIC1                              0x20000268   Data           4  common.o(.data)
    xMutex_INVENTR                           0x2000026c   Data           4  common.o(.data)
    xMutex_AT_COMMAND                        0x20000270   Data           4  common.o(.data)
    xQueue_sensor                            0x20000274   Data           4  common.o(.data)
    NeedToReset                              0x20000278   Data           1  common.o(.data)
    GetTimeOK                                0x20000279   Data           1  common.o(.data)
    DeviceWorkMode                           0x2000027a   Data           1  common.o(.data)
    GpsInfo                                  0x2000027c   Data           4  common.o(.data)
    xHandleTaskLED                           0x20000280   Data           4  task_led.o(.data)
    LED_Satck                                0x20000284   Data           4  task_led.o(.data)
    xHandleTaskHCI                           0x20000288   Data           4  task_hci.o(.data)
    HCI_Satck                                0x2000028c   Data           4  task_hci.o(.data)
    xHandleTaskSENSOR                        0x20000290   Data           4  task_sensor.o(.data)
    p_tSensorMsg                             0x20000294   Data           4  task_sensor.o(.data)
    xHandleTaskNET                           0x20000298   Data           4  task_net.o(.data)
    SignalIntensity                          0x2000029c   Data           1  task_net.o(.data)
    p_tSensorMsgNet                          0x200002a0   Data           4  task_net.o(.data)
    dev                                      0x200002a4   Data           4  task_net.o(.data)
    xHandleTaskMAIN                          0x200002b4   Data           4  task_main.o(.data)
    MirrorLightLevelPercent                  0x200002b8   Data           1  task_main.o(.data)
    mem_percent                              0x200002b9   Data           1  task_main.o(.data)
    MAIN_Satck                               0x200002bc   Data           4  task_main.o(.data)
    SystemCoreClock                          0x200002c0   Data           4  system_stm32f10x.o(.data)
    AHBPrescTable                            0x200002c4   Data          16  system_stm32f10x.o(.data)
    Usart1RecvEnd                            0x200002de   Data           1  usart.o(.data)
    Usart1Busy                               0x200002df   Data           1  usart.o(.data)
    Usart4RecvEnd                            0x200002e0   Data           1  usart.o(.data)
    Usart4Busy                               0x200002e1   Data           1  usart.o(.data)
    Usart1RxCnt                              0x200002e4   Data           2  usart.o(.data)
    OldUsart1RxCnt                           0x200002e6   Data           2  usart.o(.data)
    Usart1FrameLen                           0x200002e8   Data           2  usart.o(.data)
    Usart1SendLen                            0x200002ea   Data           2  usart.o(.data)
    Usart1SendNum                            0x200002ec   Data           2  usart.o(.data)
    Usart4RxCnt                              0x200002ee   Data           2  usart.o(.data)
    OldUsart4RxCnt                           0x200002f0   Data           2  usart.o(.data)
    Usart4FrameLen                           0x200002f2   Data           2  usart.o(.data)
    Usart4SendLen                            0x200002f4   Data           2  usart.o(.data)
    Usart4SendNum                            0x200002f6   Data           2  usart.o(.data)
    __stdout                                 0x200002f8   Data           4  usart.o(.data)
    rsp_ok                                   0x200002fc   Data           1  usart2.o(.data)
    dl_buf_id                                0x200002fd   Data           1  usart2.o(.data)
    USARx_DMA                                0x2000030c   Data          16  usart2.o(.data)
    USATx_DMA                                0x2000031c   Data          16  usart2.o(.data)
    Temperature                              0x20000330   Data           4  sht2x.o(.data)
    Humidity                                 0x20000334   Data           4  sht2x.o(.data)
    Illumination                             0x20000338   Data           4  bh1750.o(.data)
    InventrBusy                              0x2000033c   Data           1  inventr.o(.data)
    InventrDisable                           0x2000033d   Data           1  inventr.o(.data)
    InventrInPutCurrent                      0x20000348   Data           4  inventr.o(.data)
    InventrInPutVoltage                      0x2000034c   Data           4  inventr.o(.data)
    InventrOutPutCurrent                     0x20000350   Data           4  inventr.o(.data)
    InventrOutPutVoltage                     0x20000354   Data           4  inventr.o(.data)
    callback                                 0x20000358   Data           4  at_cmd.o(.data)
    flag_ok                                  0x2000035c   Data           4  at_cmd.o(.data)
    result_ptr                               0x20000360   Data           4  at_cmd.o(.data)
    bcxx_init_ok                             0x20000364   Data           1  bcxx.o(.data)
    mallco_dev                               0x2000037c   Data          20  malloc.o(.data)
    pipe                                     0x20000390   Data           8  fifo.o(.data)
    AT_ECHO                                  0x20000398   Data           1  at_protoco.o(.data)
    pxCurrentTCB                             0x200003a8   Data           4  tasks.o(.data)
    xSchedulerRunning                        0x200003bc   Data           4  tasks.o(.data)
    msgid_list_pos                           0x200003e2   Data           1  nbiot.o(.data)
    Registered_Flag                          0x200003e3   Data           1  nbiot.o(.data)
    discovered_num                           0x200003e4   Data           1  nbiot.o(.data)
    Attrcount                                0x200003e5   Data           1  nbiot.o(.data)
    Actcount                                 0x200003e6   Data           1  nbiot.o(.data)
    RCC_Clocks                               0x200003e8   Data          20  main.o(.bss)
    HoldReg                                  0x200003fc   Data         512  common.o(.bss)
    in_put_current                           0x20000600   Data          16  task_net.o(.bss)
    out_put_current                          0x20000610   Data          16  task_net.o(.bss)
    in_put_voltage                           0x20000620   Data          16  task_net.o(.bss)
    out_put_voltage                          0x20000630   Data          16  task_net.o(.bss)
    in_put_freq                              0x20000640   Data          16  task_net.o(.bss)
    in_put_power_p                           0x20000650   Data          16  task_net.o(.bss)
    in_put_power_q                           0x20000660   Data          16  task_net.o(.bss)
    in_put_power_s                           0x20000670   Data          16  task_net.o(.bss)
    in_put_energy_p                          0x20000680   Data          16  task_net.o(.bss)
    in_put_energy_q                          0x20000690   Data          16  task_net.o(.bss)
    in_put_energy_s                          0x200006a0   Data          16  task_net.o(.bss)
    signal_intensity                         0x200006b0   Data          16  task_net.o(.bss)
    light_control_dimmer                     0x200006c0   Data          16  task_net.o(.bss)
    device_uuid                              0x200006d0   Data          16  task_net.o(.bss)
    ota                                      0x200006e0   Data          16  task_net.o(.bss)
    reset                                    0x200006f0   Data          16  task_net.o(.bss)
    work_mode                                0x20000700   Data          16  task_net.o(.bss)
    time_strategy                            0x20000710   Data          16  task_net.o(.bss)
    data_upload_interval                     0x20000720   Data          16  task_net.o(.bss)
    power_interface                          0x20000730   Data          16  task_net.o(.bss)
    calendar                                 0x20000740   Data          10  rtc.o(.bss)
    Usart1RxBuf                              0x2000074a   Data         256  usart.o(.bss)
    Usart1TxBuf                              0x2000084a   Data         256  usart.o(.bss)
    Usart4RxBuf                              0x2000094a   Data         128  usart.o(.bss)
    Usart4TxBuf                              0x200009ca   Data         128  usart.o(.bss)
    ring_fifo                                0x20000a4c   Data          12  usart2.o(.bss)
    ring_fifo1                               0x20000a58   Data          12  usart2.o(.bss)
    rx_fifo                                  0x20000a64   Data         512  usart2.o(.bss)
    rx_fifo1                                 0x20000c64   Data         512  usart2.o(.bss)
    cmd_tx_buff                              0x20001066   Data         512  bcxx.o(.bss)
    membase                                  0x20001268   Data       32768  malloc.o(.bss)
    memmapbase                               0x20009268   Data        2048  malloc.o(.bss)
    AT_CommandBuf                            0x20009a68   Data         208  at_protoco.o(.bss)
    msgid_list                               0x20009c50   Data         160  nbiot.o(.bss)
    insBitmap                                0x20009cf0   Data          10  nbiot.o(.bss)
    _random_number_data                      0x20009cfc   Data         228  rand.o(.bss)
    __libspace_start                         0x20009de0   Data          96  libspace.o(.bss)
    __temporary_stack_top$libspace           0x20009e40   Data           0  libspace.o(.bss)



==============================================================================

Memory Map of the image

  Image Entry point : 0x08008131

  Load Region LR_IROM1 (Base: 0x08008000, Size: 0x0000c9d0, Max: 0x0001c000, ABSOLUTE, COMPRESSED[0x0000c76c])

    Execution Region ER_IROM1 (Base: 0x08008000, Size: 0x0000c5e8, Max: 0x0001c000, ABSOLUTE)

    Base Addr    Size         Type   Attr      Idx    E Section Name        Object

    0x08008000   0x00000130   Data   RO          951    RESET               startup_stm32f10x_hd.o
    0x08008130   0x00000008   Code   RO         6502  * !!!main             c_w.l(__main.o)
    0x08008138   0x00000034   Code   RO         6831    !!!scatter          c_w.l(__scatter.o)
    0x0800816c   0x0000005a   Code   RO         6829    !!dczerorl2         c_w.l(__dczerorl2.o)
    0x080081c6   0x00000002   PAD
    0x080081c8   0x0000001c   Code   RO         6833    !!handler_zi        c_w.l(__scatter_zi.o)
    0x080081e4   0x00000000   Code   RO         6474    .ARM.Collect$$_printf_percent$$00000000  c_w.l(_printf_percent.o)
    0x080081e4   0x00000006   Code   RO         6473    .ARM.Collect$$_printf_percent$$00000003  c_w.l(_printf_f.o)
    0x080081ea   0x00000006   Code   RO         6472    .ARM.Collect$$_printf_percent$$00000009  c_w.l(_printf_d.o)
    0x080081f0   0x00000006   Code   RO         6471    .ARM.Collect$$_printf_percent$$0000000C  c_w.l(_printf_x.o)
    0x080081f6   0x00000006   Code   RO         6470    .ARM.Collect$$_printf_percent$$00000014  c_w.l(_printf_s.o)
    0x080081fc   0x00000004   Code   RO         6585    .ARM.Collect$$_printf_percent$$00000017  c_w.l(_printf_percent_end.o)
    0x08008200   0x00000002   Code   RO         6754    .ARM.Collect$$libinit$$00000000  c_w.l(libinit.o)
    0x08008202   0x00000000   Code   RO         6588    .ARM.Collect$$libinit$$00000002  c_w.l(libinit2.o)
    0x08008202   0x00000000   Code   RO         6591    .ARM.Collect$$libinit$$00000008  c_w.l(libinit2.o)
    0x08008202   0x00000000   Code   RO         6593    .ARM.Collect$$libinit$$0000000A  c_w.l(libinit2.o)
    0x08008202   0x00000004   Code   RO         6594    .ARM.Collect$$libinit$$0000000B  c_w.l(libinit2.o)
    0x08008206   0x00000000   Code   RO         6595    .ARM.Collect$$libinit$$0000000C  c_w.l(libinit2.o)
    0x08008206   0x00000006   Code   RO         6596    .ARM.Collect$$libinit$$0000000D  c_w.l(libinit2.o)
    0x0800820c   0x00000000   Code   RO         6598    .ARM.Collect$$libinit$$0000000F  c_w.l(libinit2.o)
    0x0800820c   0x0000000c   Code   RO         6599    .ARM.Collect$$libinit$$00000010  c_w.l(libinit2.o)
    0x08008218   0x00000000   Code   RO         6600    .ARM.Collect$$libinit$$00000011  c_w.l(libinit2.o)
    0x08008218   0x00000000   Code   RO         6602    .ARM.Collect$$libinit$$00000013  c_w.l(libinit2.o)
    0x08008218   0x0000000a   Code   RO         6603    .ARM.Collect$$libinit$$00000014  c_w.l(libinit2.o)
    0x08008222   0x00000000   Code   RO         6604    .ARM.Collect$$libinit$$00000015  c_w.l(libinit2.o)
    0x08008222   0x00000000   Code   RO         6606    .ARM.Collect$$libinit$$00000017  c_w.l(libinit2.o)
    0x08008222   0x00000000   Code   RO         6608    .ARM.Collect$$libinit$$00000019  c_w.l(libinit2.o)
    0x08008222   0x00000000   Code   RO         6610    .ARM.Collect$$libinit$$0000001B  c_w.l(libinit2.o)
    0x08008222   0x00000000   Code   RO         6612    .ARM.Collect$$libinit$$0000001D  c_w.l(libinit2.o)
    0x08008222   0x00000000   Code   RO         6614    .ARM.Collect$$libinit$$0000001F  c_w.l(libinit2.o)
    0x08008222   0x00000000   Code   RO         6616    .ARM.Collect$$libinit$$00000021  c_w.l(libinit2.o)
    0x08008222   0x00000000   Code   RO         6618    .ARM.Collect$$libinit$$00000023  c_w.l(libinit2.o)
    0x08008222   0x00000000   Code   RO         6622    .ARM.Collect$$libinit$$0000002A  c_w.l(libinit2.o)
    0x08008222   0x00000000   Code   RO         6624    .ARM.Collect$$libinit$$0000002C  c_w.l(libinit2.o)
    0x08008222   0x00000000   Code   RO         6626    .ARM.Collect$$libinit$$0000002E  c_w.l(libinit2.o)
    0x08008222   0x00000000   Code   RO         6628    .ARM.Collect$$libinit$$00000030  c_w.l(libinit2.o)
    0x08008222   0x00000002   Code   RO         6629    .ARM.Collect$$libinit$$00000031  c_w.l(libinit2.o)
    0x08008224   0x00000002   Code   RO         6791    .ARM.Collect$$libshutdown$$00000000  c_w.l(libshutdown.o)
    0x08008226   0x00000000   Code   RO         6798    .ARM.Collect$$libshutdown$$00000003  c_w.l(libshutdown2.o)
    0x08008226   0x00000000   Code   RO         6801    .ARM.Collect$$libshutdown$$00000006  c_w.l(libshutdown2.o)
    0x08008226   0x00000000   Code   RO         6804    .ARM.Collect$$libshutdown$$00000009  c_w.l(libshutdown2.o)
    0x08008226   0x00000000   Code   RO         6806    .ARM.Collect$$libshutdown$$0000000B  c_w.l(libshutdown2.o)
    0x08008226   0x00000000   Code   RO         6809    .ARM.Collect$$libshutdown$$0000000E  c_w.l(libshutdown2.o)
    0x08008226   0x00000002   Code   RO         6810    .ARM.Collect$$libshutdown$$0000000F  c_w.l(libshutdown2.o)
    0x08008228   0x00000000   Code   RO         6568    .ARM.Collect$$rtentry$$00000000  c_w.l(rtentry.o)
    0x08008228   0x00000000   Code   RO         6659    .ARM.Collect$$rtentry$$00000002  c_w.l(rtentry2.o)
    0x08008228   0x00000006   Code   RO         6671    .ARM.Collect$$rtentry$$00000004  c_w.l(rtentry4.o)
    0x0800822e   0x00000000   Code   RO         6661    .ARM.Collect$$rtentry$$00000009  c_w.l(rtentry2.o)
    0x0800822e   0x00000004   Code   RO         6662    .ARM.Collect$$rtentry$$0000000A  c_w.l(rtentry2.o)
    0x08008232   0x00000000   Code   RO         6664    .ARM.Collect$$rtentry$$0000000C  c_w.l(rtentry2.o)
    0x08008232   0x00000008   Code   RO         6665    .ARM.Collect$$rtentry$$0000000D  c_w.l(rtentry2.o)
    0x0800823a   0x00000002   Code   RO         6761    .ARM.Collect$$rtexit$$00000000  c_w.l(rtexit.o)
    0x0800823c   0x00000000   Code   RO         6773    .ARM.Collect$$rtexit$$00000002  c_w.l(rtexit2.o)
    0x0800823c   0x00000004   Code   RO         6774    .ARM.Collect$$rtexit$$00000003  c_w.l(rtexit2.o)
    0x08008240   0x00000006   Code   RO         6775    .ARM.Collect$$rtexit$$00000004  c_w.l(rtexit2.o)
    0x08008246   0x00000002   PAD
    0x08008248   0x000000a2   Code   RO         5453    .emb_text           port.o
    0x080082ea   0x00000002   PAD
    0x080082ec   0x00000034   Code   RO         6475    .emb_text           c_w.l(rand.o)
    0x08008320   0x00000040   Code   RO          952    .text               startup_stm32f10x_hd.o
    0x08008360   0x00000002   Code   RO         6409    .text               c_w.l(use_no_semi_2.o)
    0x08008362   0x0000001e   Code   RO         6411    .text               c_w.l(toupper.o)
    0x08008380   0x00000018   Code   RO         6417    .text               c_w.l(noretval__2printf.o)
    0x08008398   0x00000028   Code   RO         6419    .text               c_w.l(noretval__2sprintf.o)
    0x080083c0   0x00000052   Code   RO         6423    .text               c_w.l(_printf_pad.o)
    0x08008412   0x00000052   Code   RO         6425    .text               c_w.l(_printf_str.o)
    0x08008464   0x00000078   Code   RO         6427    .text               c_w.l(_printf_dec.o)
    0x080084dc   0x0000005c   Code   RO         6432    .text               c_w.l(_printf_hex_int.o)
    0x08008538   0x0000013c   Code   RO         6462    .text               c_w.l(__printf_flags_wp.o)
    0x08008674   0x0000003c   Code   RO         6476    .text               c_w.l(rand.o)
    0x080086b0   0x00000024   Code   RO         6480    .text               c_w.l(strstr.o)
    0x080086d4   0x00000058   Code   RO         6482    .text               c_w.l(memcmp.o)
    0x0800872c   0x0000003e   Code   RO         6484    .text               c_w.l(strlen.o)
    0x0800876a   0x00000018   Code   RO         6486    .text               c_w.l(strcat.o)
    0x08008782   0x0000008a   Code   RO         6488    .text               c_w.l(rt_memcpy_v6.o)
    0x0800880c   0x00000064   Code   RO         6490    .text               c_w.l(rt_memcpy_w.o)
    0x08008870   0x00000010   Code   RO         6492    .text               c_w.l(aeabi_memset.o)
    0x08008880   0x00000044   Code   RO         6494    .text               c_w.l(rt_memclr.o)
    0x080088c4   0x0000004e   Code   RO         6496    .text               c_w.l(rt_memclr_w.o)
    0x08008912   0x00000002   PAD
    0x08008914   0x000001a4   Code   RO         6498    .text               c_w.l(mktime.o)
    0x08008ab8   0x00000006   Code   RO         6500    .text               c_w.l(heapauxi.o)
    0x08008abe   0x00000002   Code   RO         6566    .text               c_w.l(use_no_semi.o)
    0x08008ac0   0x00000010   Code   RO         6569    .text               c_w.l(rt_ctype_table.o)
    0x08008ad0   0x00000016   Code   RO         6571    .text               c_w.l(_rserrno.o)
    0x08008ae6   0x000000b8   Code   RO         6573    .text               c_w.l(_printf_intcommon.o)
    0x08008b9e   0x00000420   Code   RO         6575    .text               c_w.l(_printf_fp_dec.o)
    0x08008fbe   0x00000002   PAD
    0x08008fc0   0x00000030   Code   RO         6577    .text               c_w.l(_printf_char_common.o)
    0x08008ff0   0x0000000a   Code   RO         6579    .text               c_w.l(_sputc.o)
    0x08008ffa   0x0000002c   Code   RO         6581    .text               c_w.l(_printf_char.o)
    0x08009026   0x00000002   PAD
    0x08009028   0x00000024   Code   RO         6583    .text               c_w.l(_printf_char_file.o)
    0x0800904c   0x00000008   Code   RO         6676    .text               c_w.l(rt_locale_intlibspace.o)
    0x08009054   0x00000008   Code   RO         6681    .text               c_w.l(rt_errno_addr_intlibspace.o)
    0x0800905c   0x0000008a   Code   RO         6683    .text               c_w.l(lludiv10.o)
    0x080090e6   0x00000002   PAD
    0x080090e8   0x00000080   Code   RO         6685    .text               c_w.l(_printf_fp_infnan.o)
    0x08009168   0x000000e4   Code   RO         6689    .text               c_w.l(bigflt0.o)
    0x0800924c   0x00000008   Code   RO         6714    .text               c_w.l(ferror.o)
    0x08009254   0x00000008   Code   RO         6736    .text               c_w.l(libspace.o)
    0x0800925c   0x0000004a   Code   RO         6739    .text               c_w.l(sys_stackheap_outer.o)
    0x080092a6   0x0000000c   Code   RO         6741    .text               c_w.l(exit.o)
    0x080092b2   0x00000002   PAD
    0x080092b4   0x00000080   Code   RO         6743    .text               c_w.l(strcmpv7m.o)
    0x08009334   0x0000003e   Code   RO         6692    CL$$btod_d2e        c_w.l(btod.o)
    0x08009372   0x00000046   Code   RO         6694    CL$$btod_d2e_denorm_low  c_w.l(btod.o)
    0x080093b8   0x00000060   Code   RO         6693    CL$$btod_d2e_norm_op1  c_w.l(btod.o)
    0x08009418   0x00000338   Code   RO         6702    CL$$btod_div_common  c_w.l(btod.o)
    0x08009750   0x000000c6   Code   RO         6699    CL$$btod_e2e        c_w.l(btod.o)
    0x08009816   0x00000028   Code   RO         6696    CL$$btod_ediv       c_w.l(btod.o)
    0x0800983e   0x00000028   Code   RO         6695    CL$$btod_emul       c_w.l(btod.o)
    0x08009866   0x00000244   Code   RO         6701    CL$$btod_mult_common  c_w.l(btod.o)
    0x08009aaa   0x00000004   Code   RO         1431    i.AT24CXX_Init      24cxx.o
    0x08009aae   0x00000002   PAD
    0x08009ab0   0x00000074   Code   RO         1434    i.AT24CXX_ReadOneByte  24cxx.o
    0x08009b24   0x0000002a   Code   RO         1436    i.AT24CXX_WriteLenByte  24cxx.o
    0x08009b4e   0x00000002   PAD
    0x08009b50   0x00000094   Code   RO         1437    i.AT24CXX_WriteOneByte  24cxx.o
    0x08009be4   0x000000c8   Code   RO         5056    i.AT_CommandAPN     at_protoco.o
    0x08009cac   0x00000038   Code   RO         5057    i.AT_CommandCSQ     at_protoco.o
    0x08009ce4   0x0000011c   Code   RO         5058    i.AT_CommandDEVID   at_protoco.o
    0x08009e00   0x000000d8   Code   RO         5059    i.AT_CommandDEVNAME  at_protoco.o
    0x08009ed8   0x000000d0   Code   RO         5060    i.AT_CommandDOMAIN  at_protoco.o
    0x08009fa8   0x000002a4   Code   RO         5061    i.AT_CommandDataAnalysis  at_protoco.o
    0x0800a24c   0x0000006c   Code   RO         5062    i.AT_CommandGMR     at_protoco.o
    0x0800a2b8   0x00000048   Code   RO         5063    i.AT_CommandGPS     at_protoco.o
    0x0800a300   0x0000004c   Code   RO         5064    i.AT_CommandHUMI    at_protoco.o
    0x0800a34c   0x000000c4   Code   RO         5065    i.AT_CommandINCL    at_protoco.o
    0x0800a410   0x00000050   Code   RO         5066    i.AT_CommandINCURRENT  at_protoco.o
    0x0800a460   0x00000088   Code   RO         5067    i.AT_CommandINTFC   at_protoco.o
    0x0800a4e8   0x00000050   Code   RO         5068    i.AT_CommandINVOLTAGE  at_protoco.o
    0x0800a538   0x000000d4   Code   RO         5069    i.AT_CommandIPADDRESS  at_protoco.o
    0x0800a60c   0x000004f0   Code   RO         5070    i.AT_CommandInit    at_protoco.o
    0x0800aafc   0x00000050   Code   RO         5071    i.AT_CommandLUMEN   at_protoco.o
    0x0800ab4c   0x00000074   Code   RO         5072    i.AT_CommandMODE    at_protoco.o
    0x0800abc0   0x00000088   Code   RO         5073    i.AT_CommandOPERATORS  at_protoco.o
    0x0800ac48   0x00000050   Code   RO         5074    i.AT_CommandOUTCURRENT  at_protoco.o
    0x0800ac98   0x00000050   Code   RO         5075    i.AT_CommandOUTVOLTAGE  at_protoco.o
    0x0800ace8   0x000000bc   Code   RO         5076    i.AT_CommandPERCENT  at_protoco.o
    0x0800ada4   0x000000d4   Code   RO         5077    i.AT_CommandPORT    at_protoco.o
    0x0800ae78   0x00000080   Code   RO         5078    i.AT_CommandPWRCTL  at_protoco.o
    0x0800aef8   0x0000004c   Code   RO         5080    i.AT_CommandTEMP    at_protoco.o
    0x0800af44   0x00000068   Code   RO         5081    i.AT_CommandTIME    at_protoco.o
    0x0800afac   0x000000b4   Code   RO         5082    i.AT_CommandTIMEOFFSET  at_protoco.o
    0x0800b060   0x000000c4   Code   RO         5083    i.AT_CommandUUID    at_protoco.o
    0x0800b124   0x00000050   Code   RO          612    i.AppObjCreate      rtos_task.o
    0x0800b174   0x000000e4   Code   RO          613    i.AppTaskCreate     rtos_task.o
    0x0800b258   0x00000224   Code   RO          864    i.AutoLoopRegularTimeGroups  task_main.o
    0x0800b47c   0x00000012   Code   RO         2199    i.BKP_DeInit        stm32f10x_bkp.o
    0x0800b48e   0x00000002   PAD
    0x0800b490   0x00000010   Code   RO         2204    i.BKP_ReadBackupRegister  stm32f10x_bkp.o
    0x0800b4a0   0x00000010   Code   RO         2208    i.BKP_WriteBackupRegister  stm32f10x_bkp.o
    0x0800b4b0   0x00000002   Code   RO          893    i.BusFault_Handler  stm32f10x_it.o
    0x0800b4b2   0x00000002   PAD
    0x0800b4b4   0x00000030   Code   RO          226    i.CRC16             common.o
    0x0800b4e4   0x00000028   Code   RO         5257    i.ControlDeviceReset  net_protocol.o
    0x0800b50c   0x0000003c   Code   RO         5258    i.ControlLightLevel  net_protocol.o
    0x0800b548   0x00000036   Code   RO          229    i.CopyStrToPointer  common.o
    0x0800b57e   0x00000016   Code   RO         2666    i.DMA_Cmd           stm32f10x_dma.o
    0x0800b594   0x000000e4   Code   RO         2667    i.DMA_DeInit        stm32f10x_dma.o
    0x0800b678   0x00000006   Code   RO         2668    i.DMA_GetCurrDataCounter  stm32f10x_dma.o
    0x0800b67e   0x0000003a   Code   RO         2672    i.DMA_Init          stm32f10x_dma.o
    0x0800b6b8   0x00000004   Code   RO         2673    i.DMA_SetCurrDataCounter  stm32f10x_dma.o
    0x0800b6bc   0x00000002   Code   RO          894    i.DebugMon_Handler  stm32f10x_it.o
    0x0800b6be   0x00000098   Code   RO         3088    i.GPIO_Init         stm32f10x_gpio.o
    0x0800b756   0x0000000e   Code   RO         3092    i.GPIO_ReadInputDataBit  stm32f10x_gpio.o
    0x0800b764   0x00000004   Code   RO         3095    i.GPIO_ResetBits    stm32f10x_gpio.o
    0x0800b768   0x00000004   Code   RO         3096    i.GPIO_SetBits      stm32f10x_gpio.o
    0x0800b76c   0x00000024   Code   RO          230    i.GetADV            common.o
    0x0800b790   0x00000020   Code   RO          231    i.GetAPN            common.o
    0x0800b7b0   0x00000016   Code   RO          232    i.GetDatBit         common.o
    0x0800b7c6   0x00000002   PAD
    0x0800b7c8   0x00000020   Code   RO          233    i.GetDeviceICCID    common.o
    0x0800b7e8   0x00000020   Code   RO          234    i.GetDeviceID       common.o
    0x0800b808   0x00000020   Code   RO          235    i.GetDeviceIMSI     common.o
    0x0800b828   0x00000020   Code   RO          236    i.GetDeviceName     common.o
    0x0800b848   0x00000020   Code   RO          237    i.GetDeviceUUID     common.o
    0x0800b868   0x000000bc   Code   RO          238    i.GetMemoryForString  common.o
    0x0800b924   0x00000020   Code   RO          239    i.GetServerDomain   common.o
    0x0800b944   0x00000020   Code   RO          240    i.GetServerIP       common.o
    0x0800b964   0x00000020   Code   RO          241    i.GetServerPort     common.o
    0x0800b984   0x0000000c   Code   RO          245    i.GetSysTick1s      common.o
    0x0800b990   0x00000020   Code   RO          895    i.HardFault_Handler  stm32f10x_it.o
    0x0800b9b0   0x00000050   Code   RO         1092    i.IIC1_Ack          iic1.o
    0x0800ba00   0x00000040   Code   RO         1093    i.IIC1_Init         iic1.o
    0x0800ba40   0x00000050   Code   RO         1094    i.IIC1_NAck         iic1.o
    0x0800ba90   0x00000074   Code   RO         1095    i.IIC1_Read_Byte    iic1.o
    0x0800bb04   0x00000074   Code   RO         1096    i.IIC1_Send_Byte    iic1.o
    0x0800bb78   0x00000050   Code   RO         1097    i.IIC1_Start        iic1.o
    0x0800bbc8   0x00000050   Code   RO         1098    i.IIC1_Stop         iic1.o
    0x0800bc18   0x0000006c   Code   RO         1099    i.IIC1_Wait_Ack     iic1.o
    0x0800bc84   0x00000010   Code   RO         3400    i.IWDG_Enable       stm32f10x_iwdg.o
    0x0800bc94   0x00000004   Code   RO         1068    i.IWDG_Feed         sys.o
    0x0800bc98   0x00000026   Code   RO         1069    i.IWDG_Init         sys.o
    0x0800bcbe   0x00000002   PAD
    0x0800bcc0   0x00000010   Code   RO         3402    i.IWDG_ReloadCounter  stm32f10x_iwdg.o
    0x0800bcd0   0x0000000c   Code   RO         3403    i.IWDG_SetPrescaler  stm32f10x_iwdg.o
    0x0800bcdc   0x0000000c   Code   RO         3404    i.IWDG_SetReload    stm32f10x_iwdg.o
    0x0800bce8   0x0000000c   Code   RO         3405    i.IWDG_WriteAccessCmd  stm32f10x_iwdg.o
    0x0800bcf4   0x00000048   Code   RO          247    i.IntToString       common.o
    0x0800bd3c   0x0000016c   Code   RO         1578    i.InventrGetOutPutCurrent  inventr.o
    0x0800bea8   0x0000016c   Code   RO         1579    i.InventrGetOutPutVoltage  inventr.o
    0x0800c014   0x0000011c   Code   RO         1580    i.InventrSetLightLevel  inventr.o
    0x0800c130   0x00000026   Code   RO         1203    i.Is_Leap_Year      rtc.o
    0x0800c156   0x00000002   PAD
    0x0800c158   0x00000034   Code   RO         1565    i.LED_Init          led.o
    0x0800c18c   0x00000002   Code   RO          896    i.MemManage_Handler  stm32f10x_it.o
    0x0800c18e   0x0000003c   Code   RO          248    i.MyStrstr          common.o
    0x0800c1ca   0x00000002   Code   RO          897    i.NMI_Handler       stm32f10x_it.o
    0x0800c1cc   0x0000008c   Code   RO         1070    i.NVIC_Configuration  sys.o
    0x0800c258   0x00000064   Code   RO         1939    i.NVIC_Init         misc.o
    0x0800c2bc   0x00000014   Code   RO         1940    i.NVIC_PriorityGroupConfig  misc.o
    0x0800c2d0   0x0000000c   Code   RO         3442    i.PWR_BackupAccessCmd  stm32f10x_pwr.o
    0x0800c2dc   0x0000005c   Code   RO         5084    i.PackAT_CommandRespone  at_protoco.o
    0x0800c338   0x00000018   Code   RO         3503    i.RCC_AHBPeriphClockCmd  stm32f10x_rcc.o
    0x0800c350   0x00000018   Code   RO         3504    i.RCC_APB1PeriphClockCmd  stm32f10x_rcc.o
    0x0800c368   0x00000018   Code   RO         3505    i.RCC_APB1PeriphResetCmd  stm32f10x_rcc.o
    0x0800c380   0x00000018   Code   RO         3506    i.RCC_APB2PeriphClockCmd  stm32f10x_rcc.o
    0x0800c398   0x00000018   Code   RO         3507    i.RCC_APB2PeriphResetCmd  stm32f10x_rcc.o
    0x0800c3b0   0x0000000c   Code   RO         3509    i.RCC_BackupResetCmd  stm32f10x_rcc.o
    0x0800c3bc   0x00000094   Code   RO         3514    i.RCC_GetClocksFreq  stm32f10x_rcc.o
    0x0800c450   0x00000030   Code   RO         3515    i.RCC_GetFlagStatus  stm32f10x_rcc.o
    0x0800c480   0x00000020   Code   RO         3522    i.RCC_LSEConfig     stm32f10x_rcc.o
    0x0800c4a0   0x0000000c   Code   RO         3529    i.RCC_RTCCLKCmd     stm32f10x_rcc.o
    0x0800c4ac   0x00000010   Code   RO         3530    i.RCC_RTCCLKConfig  stm32f10x_rcc.o
    0x0800c4bc   0x00000010   Code   RO         3703    i.RTC_ClearITPendingBit  stm32f10x_rtc.o
    0x0800c4cc   0x00000010   Code   RO         3704    i.RTC_EnterConfigMode  stm32f10x_rtc.o
    0x0800c4dc   0x00000010   Code   RO         3705    i.RTC_ExitConfigMode  stm32f10x_rtc.o
    0x0800c4ec   0x000000cc   Code   RO         1204    i.RTC_Get           rtc.o
    0x0800c5b8   0x00000014   Code   RO         3706    i.RTC_GetCounter    stm32f10x_rtc.o
    0x0800c5cc   0x00000020   Code   RO         3709    i.RTC_GetITStatus   stm32f10x_rtc.o
    0x0800c5ec   0x0000004c   Code   RO         1205    i.RTC_Get_Week      rtc.o
    0x0800c638   0x0000001c   Code   RO         1206    i.RTC_IRQHandler    rtc.o
    0x0800c654   0x00000018   Code   RO         3710    i.RTC_ITConfig      stm32f10x_rtc.o
    0x0800c66c   0x000000d6   Code   RO         1207    i.RTC_Init          rtc.o
    0x0800c742   0x00000002   PAD
    0x0800c744   0x000000d0   Code   RO         1208    i.RTC_Set           rtc.o
    0x0800c814   0x00000020   Code   RO         3712    i.RTC_SetCounter    stm32f10x_rtc.o
    0x0800c834   0x00000020   Code   RO         3713    i.RTC_SetPrescaler  stm32f10x_rtc.o
    0x0800c854   0x00000010   Code   RO         3714    i.RTC_WaitForLastTask  stm32f10x_rtc.o
    0x0800c864   0x00000018   Code   RO         3715    i.RTC_WaitForSynchro  stm32f10x_rtc.o
    0x0800c87c   0x00000044   Code   RO          249    i.ReadAPN           common.o
    0x0800c8c0   0x00000068   Code   RO          250    i.ReadBootLoaderVersion  common.o
    0x0800c928   0x0000004c   Code   RO          251    i.ReadDataFromEepromToHoldBuf  common.o
    0x0800c974   0x00000058   Code   RO          252    i.ReadDeviceICCID   common.o
    0x0800c9cc   0x00000040   Code   RO          253    i.ReadDeviceID      common.o
    0x0800ca0c   0x00000050   Code   RO          254    i.ReadDeviceIMSI    common.o
    0x0800ca5c   0x00000044   Code   RO          255    i.ReadDeviceName    common.o
    0x0800caa0   0x00000054   Code   RO          256    i.ReadDeviceUUID    common.o
    0x0800caf4   0x00000068   Code   RO          257    i.ReadHardWareVersion  common.o
    0x0800cb5c   0x00000050   Code   RO          259    i.ReadOTAInfo       common.o
    0x0800cbac   0x0000002c   Code   RO          260    i.ReadOperators     common.o
    0x0800cbd8   0x00000054   Code   RO          261    i.ReadParametersFromEEPROM  common.o
    0x0800cc2c   0x0000002c   Code   RO          262    i.ReadPowerINTFCC   common.o
    0x0800cc58   0x00000128   Code   RO          263    i.ReadRegularTimeGroups  common.o
    0x0800cd80   0x00000054   Code   RO          264    i.ReadServerDomain  common.o
    0x0800cdd4   0x00000050   Code   RO          265    i.ReadServerIP      common.o
    0x0800ce24   0x00000044   Code   RO          266    i.ReadServerPort    common.o
    0x0800ce68   0x00000038   Code   RO          267    i.ReadSoftWareVersion  common.o
    0x0800cea0   0x0000002c   Code   RO          269    i.ReadTimeZone      common.o
    0x0800cecc   0x0000003c   Code   RO          270    i.ReadUpLoadINVL    common.o
    0x0800cf08   0x000000b8   Code   RO          271    i.RegularTimeGroupAdd  common.o
    0x0800cfc0   0x000000ec   Code   RO          272    i.RegularTimeGroupSub  common.o
    0x0800d0ac   0x00000026   Code   RO          273    i.RemoveAllStrategy  common.o
    0x0800d0d2   0x00000002   PAD
    0x0800d0d4   0x000000c8   Code   RO         1623    i.SendCmd           at_cmd.o
    0x0800d19c   0x0000006c   Code   RO         1624    i.SentData          at_cmd.o
    0x0800d208   0x00000040   Code   RO         5259    i.SetDevicePowerIntfc  net_protocol.o
    0x0800d248   0x00000030   Code   RO         5260    i.SetDeviceUUID     net_protocol.o
    0x0800d278   0x0000004c   Code   RO         5261    i.SetDeviceUpLoadINCL  net_protocol.o
    0x0800d2c4   0x00000040   Code   RO         5262    i.SetDeviceWorkMode  net_protocol.o
    0x0800d304   0x0000017c   Code   RO         5263    i.SetRegularTimeGroups  net_protocol.o
    0x0800d480   0x000000a8   Code   RO          956    i.SetSysClockTo72   system_stm32f10x.o
    0x0800d528   0x0000000c   Code   RO          274    i.SetSysTick1s      common.o
    0x0800d534   0x0000010c   Code   RO         5264    i.SetUpdateFirmWareInfo  net_protocol.o
    0x0800d640   0x0000004c   Code   RO          275    i.StrToHex          common.o
    0x0800d68c   0x00000054   Code   RO          276    i.StringToInt       common.o
    0x0800d6e0   0x000000e0   Code   RO          781    i.SyncDataTimeFormBcxxModule  task_net.o
    0x0800d7c0   0x000000d4   Code   RO         1209    i.SyncTimeFromNet   rtc.o
    0x0800d894   0x00000010   Code   RO          277    i.SysTick100msAdder  common.o
    0x0800d8a4   0x00000010   Code   RO          278    i.SysTick10msAdder  common.o
    0x0800d8b4   0x00000010   Code   RO          279    i.SysTick1msAdder   common.o
    0x0800d8c4   0x00000018   Code   RO         1943    i.SysTick_CLKSourceConfig  misc.o
    0x0800d8dc   0x0000001c   Code   RO          985    i.SysTick_Handler   delay.o
    0x0800d8f8   0x00000050   Code   RO          958    i.SystemInit        system_stm32f10x.o
    0x0800d948   0x00000044   Code   RO         1259    i.TIM2_IRQHandler   usart.o
    0x0800d98c   0x00000040   Code   RO         1260    i.TIM2_Init         usart.o
    0x0800d9cc   0x00000006   Code   RO         4130    i.TIM_ClearITPendingBit  stm32f10x_tim.o
    0x0800d9d2   0x00000014   Code   RO         4135    i.TIM_Cmd           stm32f10x_tim.o
    0x0800d9e6   0x00000018   Code   RO         4156    i.TIM_GetITStatus   stm32f10x_tim.o
    0x0800d9fe   0x00000010   Code   RO         4160    i.TIM_ITConfig      stm32f10x_tim.o
    0x0800da0e   0x00000002   PAD
    0x0800da10   0x0000009c   Code   RO         4206    i.TIM_TimeBaseInit  stm32f10x_tim.o
    0x0800daac   0x00000098   Code   RO         1261    i.UART4_IRQHandler  usart.o
    0x0800db44   0x00000098   Code   RO         1262    i.UART4_Init        usart.o
    0x0800dbdc   0x00000098   Code   RO         1263    i.USART1_IRQHandler  usart.o
    0x0800dc74   0x00000094   Code   RO         1264    i.USART1_Init       usart.o
    0x0800dd08   0x000000ec   Code   RO         1374    i.USART2_IRQHandler  usart2.o
    0x0800ddf4   0x00000124   Code   RO         1375    i.USART2_Init       usart2.o
    0x0800df18   0x00000058   Code   RO         1376    i.USART2_Write      usart2.o
    0x0800df70   0x00000006   Code   RO         4654    i.USART_ClearFlag   stm32f10x_usart.o
    0x0800df76   0x00000014   Code   RO         4658    i.USART_Cmd         stm32f10x_usart.o
    0x0800df8a   0x00000010   Code   RO         4659    i.USART_DMACmd      stm32f10x_usart.o
    0x0800df9a   0x00000002   PAD
    0x0800df9c   0x00000074   Code   RO         4660    i.USART_DeInit      stm32f10x_usart.o
    0x0800e010   0x0000000e   Code   RO         4661    i.USART_GetFlagStatus  stm32f10x_usart.o
    0x0800e01e   0x0000003e   Code   RO         4662    i.USART_GetITStatus  stm32f10x_usart.o
    0x0800e05c   0x00000030   Code   RO         4664    i.USART_ITConfig    stm32f10x_usart.o
    0x0800e08c   0x000000b4   Code   RO         4665    i.USART_Init        stm32f10x_usart.o
    0x0800e140   0x00000008   Code   RO         4672    i.USART_ReceiveData  stm32f10x_usart.o
    0x0800e148   0x00000008   Code   RO         4675    i.USART_SendData    stm32f10x_usart.o
    0x0800e150   0x00000002   Code   RO          898    i.UsageFault_Handler  stm32f10x_it.o
    0x0800e152   0x00000002   PAD
    0x0800e154   0x00000050   Code   RO         1265    i.Usart1FrameSend   usart.o
    0x0800e1a4   0x00000024   Code   RO         1266    i.Usart1ReciveFrameEnd  usart.o
    0x0800e1c8   0x00000050   Code   RO         1267    i.Usart4FrameSend   usart.o
    0x0800e218   0x00000024   Code   RO         1268    i.Usart4ReciveFrameEnd  usart.o
    0x0800e23c   0x00000040   Code   RO         1269    i.UsartSendString   usart.o
    0x0800e27c   0x00000038   Code   RO          280    i.WriteDataFromHoldBufToEeprom  common.o
    0x0800e2b4   0x00000080   Code   RO          281    i.WriteOTAInfo      common.o
    0x0800e334   0x00000028   Code   RO         6645    i.__ARM_fpclassify  m_ws.l(fpclassify.o)
    0x0800e35c   0x000000aa   Code   RO         6647    i.__kernel_poly     m_ws.l(poly.o)
    0x0800e406   0x00000002   PAD
    0x0800e408   0x00000010   Code   RO         6643    i.__mathlib_dbl_underflow  m_ws.l(dunder.o)
    0x0800e418   0x0000000e   Code   RO         6460    i._is_digit         c_w.l(__printf_wp.o)
    0x0800e426   0x00000002   Code   RO         1270    i._sys_exit         usart.o
    0x0800e428   0x0000038c   Code   RO          782    i.add_object_resource  task_net.o
    0x0800e7b4   0x000000e8   Code   RO         1653    i.bcxx_addobj       bcxx.o
    0x0800e89c   0x00000044   Code   RO         1654    i.bcxx_close_request  bcxx.o
    0x0800e8e0   0x0000003c   Code   RO         1655    i.bcxx_create       bcxx.o
    0x0800e91c   0x00000030   Code   RO         1656    i.bcxx_delinstance  bcxx.o
    0x0800e94c   0x00000068   Code   RO         1657    i.bcxx_delobj       bcxx.o
    0x0800e9b4   0x000000b8   Code   RO         1658    i.bcxx_discover_rsp  bcxx.o
    0x0800ea6c   0x00000080   Code   RO         1659    i.bcxx_execute_rsp  bcxx.o
    0x0800eaec   0x00000068   Code   RO         1660    i.bcxx_get_AT_CCLK  bcxx.o
    0x0800eb54   0x000000a4   Code   RO         1662    i.bcxx_get_AT_CGSN  bcxx.o
    0x0800ebf8   0x00000088   Code   RO         1663    i.bcxx_get_AT_CIMI  bcxx.o
    0x0800ec80   0x00000084   Code   RO         1664    i.bcxx_get_AT_CSQ   bcxx.o
    0x0800ed04   0x00000090   Code   RO         1665    i.bcxx_get_AT_NCCID  bcxx.o
    0x0800ed94   0x0000003c   Code   RO         1666    i.bcxx_hard_init    bcxx.o
    0x0800edd0   0x0000004c   Code   RO         1667    i.bcxx_hard_reset   bcxx.o
    0x0800ee1c   0x0000017c   Code   RO         1668    i.bcxx_notify_upload  bcxx.o
    0x0800ef98   0x00000190   Code   RO         1670    i.bcxx_read_upload  bcxx.o
    0x0800f128   0x00000048   Code   RO         1671    i.bcxx_register_request  bcxx.o
    0x0800f170   0x0000007c   Code   RO         1672    i.bcxx_register_update  bcxx.o
    0x0800f1ec   0x00000038   Code   RO         1673    i.bcxx_set_AT_ATE   bcxx.o
    0x0800f224   0x00000044   Code   RO         1674    i.bcxx_set_AT_CEDRXS  bcxx.o
    0x0800f268   0x0000003c   Code   RO         1675    i.bcxx_set_AT_CELL_RESELECTION  bcxx.o
    0x0800f2a4   0x00000040   Code   RO         1676    i.bcxx_set_AT_CEREG  bcxx.o
    0x0800f2e4   0x00000044   Code   RO         1677    i.bcxx_set_AT_CFUN  bcxx.o
    0x0800f328   0x00000040   Code   RO         1678    i.bcxx_set_AT_CGATT  bcxx.o
    0x0800f368   0x00000040   Code   RO         1679    i.bcxx_set_AT_CPSMS  bcxx.o
    0x0800f3a8   0x00000040   Code   RO         1680    i.bcxx_set_AT_CSCON  bcxx.o
    0x0800f3e8   0x0000004c   Code   RO         1681    i.bcxx_set_AT_MIPLCONFIG  bcxx.o
    0x0800f434   0x0000008c   Code   RO         1682    i.bcxx_set_AT_NBAND  bcxx.o
    0x0800f4c0   0x0000003c   Code   RO         1686    i.bcxx_set_AT_NRB   bcxx.o
    0x0800f4fc   0x00000040   Code   RO         1691    i.bcxx_set_AT_NSONMI  bcxx.o
    0x0800f53c   0x00000040   Code   RO         1693    i.bcxx_set_AT_QREGSWT  bcxx.o
    0x0800f57c   0x000000b0   Code   RO         1694    i.bcxx_set_NATSPEED  bcxx.o
    0x0800f62c   0x0000007c   Code   RO         1695    i.bcxx_write_rsp    bcxx.o
    0x0800f6a8   0x00000034   Code   RO          783    i.create_device     task_net.o
    0x0800f6dc   0x00000034   Code   RO          986    i.delay_init        delay.o
    0x0800f710   0x0000003c   Code   RO          987    i.delay_ms          delay.o
    0x0800f74c   0x00000044   Code   RO          991    i.delay_us          delay.o
    0x0800f790   0x0000000c   Code   RO         6338    i.deregister_reply  registraction.o
    0x0800f79c   0x00000002   Code   RO          784    i.execute_callback  task_net.o
    0x0800f79e   0x00000002   PAD
    0x0800f7a0   0x00000050   Code   RO         4987    i.fifo_get          fifo.o
    0x0800f7f0   0x00000048   Code   RO         4988    i.fifo_init         fifo.o
    0x0800f838   0x00000040   Code   RO         4989    i.fifo_put          fifo.o
    0x0800f878   0x0000005a   Code   RO          282    i.find_str          common.o
    0x0800f8d2   0x00000002   PAD
    0x0800f8d4   0x00000018   Code   RO         1271    i.fputc             usart.o
    0x0800f8ec   0x00000068   Code   RO          283    i.get_str1          common.o
    0x0800f954   0x000002a8   Code   RO         6155    i.handle_request    nbiot.o
    0x0800fbfc   0x00000400   Code   RO         6156    i.handle_transaction  nbiot.o
    0x0800fffc   0x00000014   Code   RO         1696    i.ip_SendData       bcxx.o
    0x08010010   0x00000088   Code   RO            1    i.main              main.o
    0x08010098   0x00000040   Code   RO         4888    i.mem_free          malloc.o
    0x080100d8   0x00000028   Code   RO         4889    i.mem_init          malloc.o
    0x08010100   0x00000060   Code   RO         4890    i.mem_malloc        malloc.o
    0x08010160   0x0000002c   Code   RO         4891    i.mem_perused       malloc.o
    0x0801018c   0x00000026   Code   RO         4957    i.memb_alloc        memb.o
    0x080101b2   0x0000002c   Code   RO         4958    i.memb_free         memb.o
    0x080101de   0x0000001c   Code   RO         4959    i.memb_init         memb.o
    0x080101fa   0x00000002   PAD
    0x080101fc   0x00000014   Code   RO         4892    i.myfree            malloc.o
    0x08010210   0x0000001c   Code   RO         4893    i.mymalloc          malloc.o
    0x0801022c   0x0000000c   Code   RO         4895    i.mymemset          malloc.o
    0x08010238   0x0000005a   Code   RO         6077    i.nbiot_atoi        utils.o
    0x08010292   0x00000002   PAD
    0x08010294   0x00000020   Code   RO         6009    i.nbiot_clear_environment  environment.o
    0x080102b4   0x00000040   Code   RO         6339    i.nbiot_deregister  registraction.o
    0x080102f4   0x00000068   Code   RO         6157    i.nbiot_device_close  nbiot.o
    0x0801035c   0x00000090   Code   RO         6158    i.nbiot_device_connect  nbiot.o
    0x080103ec   0x0000004a   Code   RO         6159    i.nbiot_device_create  nbiot.o
    0x08010436   0x00000002   PAD
    0x08010438   0x000000c4   Code   RO         6160    i.nbiot_device_destroy  nbiot.o
    0x080104fc   0x000000d0   Code   RO         6161    i.nbiot_device_step  nbiot.o
    0x080105cc   0x00000004   Code   RO         6035    i.nbiot_free        memory.o
    0x080105d0   0x00000104   Code   RO         6162    i.nbiot_handle_buffer  nbiot.o
    0x080106d4   0x00000024   Code   RO         6010    i.nbiot_init_environment  environment.o
    0x080106f8   0x00000054   Code   RO         6078    i.nbiot_itoa        utils.o
    0x0801074c   0x0000002c   Code   RO         6237    i.nbiot_list_add    nblist.o
    0x08010778   0x00000046   Code   RO         6238    i.nbiot_list_del    nblist.o
    0x080107be   0x00000014   Code   RO         6239    i.nbiot_list_free   nblist.o
    0x080107d2   0x00000016   Code   RO         6240    i.nbiot_list_get    nblist.o
    0x080107e8   0x00000004   Code   RO         6036    i.nbiot_malloc      memory.o
    0x080107ec   0x0000001e   Code   RO         6080    i.nbiot_memmove     utils.o
    0x0801080a   0x00000014   Code   RO         6081    i.nbiot_memzero     utils.o
    0x0801081e   0x00000040   Code   RO         6273    i.nbiot_node_find   node.o
    0x0801085e   0x00000002   PAD
    0x08010860   0x00000188   Code   RO         6274    i.nbiot_node_read   node.o
    0x080109e8   0x00000114   Code   RO         6275    i.nbiot_node_write  node.o
    0x08010afc   0x0000011e   Code   RO         6297    i.nbiot_observe_add  observe.o
    0x08010c1a   0x000000ec   Code   RO         6299    i.nbiot_observe_step  observe.o
    0x08010d06   0x00000002   PAD
    0x08010d08   0x00000020   Code   RO         6082    i.nbiot_rand        utils.o
    0x08010d28   0x00000014   Code   RO         6163    i.nbiot_recv_buffer  nbiot.o
    0x08010d3c   0x00000038   Code   RO         6340    i.nbiot_register_start  registraction.o
    0x08010d74   0x00000048   Code   RO         6341    i.nbiot_register_step  registraction.o
    0x08010dbc   0x00000030   Code   RO         6342    i.nbiot_register_update  registraction.o
    0x08010dec   0x000001c8   Code   RO         6164    i.nbiot_resource_add  nbiot.o
    0x08010fb4   0x000000fa   Code   RO         6166    i.nbiot_send_buffer  nbiot.o
    0x080110ae   0x00000006   Code   RO          992    i.nbiot_sleep       delay.o
    0x080110b4   0x00000032   Code   RO         6083    i.nbiot_strdup      utils.o
    0x080110e6   0x00000010   Code   RO         6084    i.nbiot_strlen      utils.o
    0x080110f6   0x0000001e   Code   RO         6086    i.nbiot_strncpy     utils.o
    0x08011114   0x00000014   Code   RO          993    i.nbiot_time        delay.o
    0x08011128   0x0000006c   Code   RO         6383    i.nbiot_transaction_add  transaction.o
    0x08011194   0x00000040   Code   RO         6384    i.nbiot_transaction_del  transaction.o
    0x080111d4   0x00000056   Code   RO         6385    i.nbiot_transaction_step  transaction.o
    0x0801122a   0x0000001a   Code   RO         6056    i.nbiot_udp_recv    socket.o
    0x08011244   0x00000012   Code   RO         6057    i.nbiot_udp_send    socket.o
    0x08011256   0x00000002   PAD
    0x08011258   0x00000130   Code   RO         1697    i.netdev_init       bcxx.o
    0x08011388   0x00000054   Code   RO         1698    i.netif_rx          bcxx.o
    0x080113dc   0x0000003e   Code   RO         6300    i.observe_check     observe.o
    0x0801141a   0x00000002   PAD
    0x0801141c   0x0000007c   Code   RO         6301    i.observe_read      observe.o
    0x08011498   0x000009e0   Code   RO         6557    i.pow               m_ws.l(pow.o)
    0x08011e78   0x00000034   Code   RO         5696    i.prvAddCurrentTaskToDelayedList  tasks.o
    0x08011eac   0x00000058   Code   RO         5697    i.prvCheckTasksWaitingTermination  tasks.o
    0x08011f04   0x00000026   Code   RO         5524    i.prvCopyDataFromQueue  queue.o
    0x08011f2a   0x0000006e   Code   RO         5525    i.prvCopyDataToQueue  queue.o
    0x08011f98   0x00000028   Code   RO         5698    i.prvIdleTask       tasks.o
    0x08011fc0   0x00000020   Code   RO         5700    i.prvResetNextTaskUnblockTime  tasks.o
    0x08011fe0   0x00000014   Code   RO         5701    i.prvTaskCheckFreeStackSpace  tasks.o
    0x08011ff4   0x00000020   Code   RO         5454    i.prvTaskExitError  port.o
    0x08012014   0x00000064   Code   RO         5526    i.prvUnlockQueue    queue.o
    0x08012078   0x00000018   Code   RO         5703    i.pvTaskIncrementMutexHeldCount  tasks.o
    0x08012090   0x00000020   Code   RO         5455    i.pxPortInitialiseStack  port.o
    0x080120b0   0x00000002   Code   RO          785    i.read_callback     task_net.o
    0x080120b2   0x00000002   PAD
    0x080120b4   0x00000010   Code   RO         1625    i.register_cmd_handler  at_cmd.o
    0x080120c4   0x0000001e   Code   RO         6343    i.registraction_reply  registraction.o
    0x080120e2   0x0000001e   Code   RO         6344    i.registraction_update_reply  registraction.o
    0x08012100   0x00000054   Code   RO          786    i.res_update        task_net.o
    0x08012154   0x0000000e   Code   RO         5014    i.ringbuf_clear     ringbuf.o
    0x08012162   0x0000000c   Code   RO         5015    i.ringbuf_elements  ringbuf.o
    0x0801216e   0x0000000e   Code   RO         5017    i.ringbuf_init      ringbuf.o
    0x0801217c   0x00000018   Code   RO          286    i.search_str        common.o
    0x08012194   0x0000004c   Code   RO         6651    i.sqrt              m_ws.l(sqrt.o)
    0x080121e0   0x00000050   Code   RO          787    i.sync_sensor_data  task_net.o
    0x08012230   0x00000028   Code   RO          788    i.unregister_all_things  task_net.o
    0x08012258   0x00000024   Code   RO         5417    i.uxListRemove      list.o
    0x0801227c   0x00000010   Code   RO         5706    i.uxTaskGetStackHighWaterMark  tasks.o
    0x0801228c   0x00000016   Code   RO         5418    i.vListInitialise   list.o
    0x080122a2   0x00000006   Code   RO         5419    i.vListInitialiseItem  list.o
    0x080122a8   0x00000030   Code   RO         5420    i.vListInsert       list.o
    0x080122d8   0x00000018   Code   RO         5421    i.vListInsertEnd    list.o
    0x080122f0   0x00000048   Code   RO         5457    i.vPortEnterCritical  port.o
    0x08012338   0x00000028   Code   RO         5458    i.vPortExitCritical  port.o
    0x08012360   0x00000020   Code   RO         5459    i.vPortSetupTimerInterrupt  port.o
    0x08012380   0x00000068   Code   RO         5712    i.vTaskDelay        tasks.o
    0x080123e8   0x000000e4   Code   RO          722    i.vTaskHCI          task_hci.o
    0x080124cc   0x0000007c   Code   RO          699    i.vTaskLED          task_led.o
    0x08012548   0x000000a8   Code   RO          865    i.vTaskMAIN         task_main.o
    0x080125f0   0x0000000c   Code   RO         5716    i.vTaskMissedYield  tasks.o
    0x080125fc   0x0000008c   Code   RO          789    i.vTaskNET          task_net.o
    0x08012688   0x00000064   Code   RO         5718    i.vTaskPlaceOnEventList  tasks.o
    0x080126ec   0x00000084   Code   RO         5720    i.vTaskPriorityInherit  tasks.o
    0x08012770   0x00000100   Code   RO          749    i.vTaskSENSOR       task_sensor.o
    0x08012870   0x00000024   Code   RO         5724    i.vTaskSetTimeOutState  tasks.o
    0x08012894   0x00000068   Code   RO         5725    i.vTaskStartScheduler  tasks.o
    0x080128fc   0x00000010   Code   RO         5727    i.vTaskSuspendAll   tasks.o
    0x0801290c   0x0000005c   Code   RO         5728    i.vTaskSwitchContext  tasks.o
    0x08012968   0x000000a6   Code   RO          790    i.write_callback    task_net.o
    0x08012a0e   0x00000002   PAD
    0x08012a10   0x0000007c   Code   RO         5462    i.xPortStartScheduler  port.o
    0x08012a8c   0x0000002c   Code   RO         5463    i.xPortSysTickHandler  port.o
    0x08012ab8   0x0000004a   Code   RO         5537    i.xQueueCreateMutex  queue.o
    0x08012b02   0x00000064   Code   RO         5538    i.xQueueGenericCreate  queue.o
    0x08012b66   0x00000002   PAD
    0x08012b68   0x00000178   Code   RO         5539    i.xQueueGenericReceive  queue.o
    0x08012ce0   0x00000084   Code   RO         5540    i.xQueueGenericReset  queue.o
    0x08012d64   0x00000164   Code   RO         5541    i.xQueueGenericSend  queue.o
    0x08012ec8   0x0000006c   Code   RO         5729    i.xTaskCheckForTimeOut  tasks.o
    0x08012f34   0x000001cc   Code   RO         5730    i.xTaskGenericCreate  tasks.o
    0x08013100   0x0000001c   Code   RO         5734    i.xTaskGetSchedulerState  tasks.o
    0x0801311c   0x000000cc   Code   RO         5737    i.xTaskIncrementTick  tasks.o
    0x080131e8   0x00000098   Code   RO         5740    i.xTaskPriorityDisinherit  tasks.o
    0x08013280   0x00000074   Code   RO         5741    i.xTaskRemoveFromEventList  tasks.o
    0x080132f4   0x000000c4   Code   RO         5743    i.xTaskResumeAll    tasks.o
    0x080133b8   0x0000002c   Code   RO         6719    locale$$code        c_w.l(lc_ctype_c.o)
    0x080133e4   0x0000002c   Code   RO         6722    locale$$code        c_w.l(lc_numeric_c.o)
    0x08013410   0x00000150   Code   RO         6506    x$fpl$dadd          fz_ws.l(daddsub_clz.o)
    0x08013560   0x00000010   Code   RO         6726    x$fpl$dcheck1       fz_ws.l(dcheck1.o)
    0x08013570   0x00000018   Code   RO         6755    x$fpl$dcmpinf       fz_ws.l(dcmpi.o)
    0x08013588   0x000002b0   Code   RO         6513    x$fpl$ddiv          fz_ws.l(ddiv.o)
    0x08013838   0x0000005a   Code   RO         6520    x$fpl$dfixu         fz_ws.l(dfixu.o)
    0x08013892   0x0000002e   Code   RO         6525    x$fpl$dflt          fz_ws.l(dflt_clz.o)
    0x080138c0   0x000000a2   Code   RO         6530    x$fpl$dfltll        fz_ws.l(dfltll_clz.o)
    0x08013962   0x00000026   Code   RO         6524    x$fpl$dfltu         fz_ws.l(dflt_clz.o)
    0x08013988   0x00000078   Code   RO         6728    x$fpl$dleqf         fz_ws.l(dleqf.o)
    0x08013a00   0x00000154   Code   RO         6534    x$fpl$dmul          fz_ws.l(dmul.o)
    0x08013b54   0x0000009c   Code   RO         6630    x$fpl$dnaninf       fz_ws.l(dnaninf.o)
    0x08013bf0   0x0000000c   Code   RO         6632    x$fpl$dretinf       fz_ws.l(dretinf.o)
    0x08013bfc   0x0000006c   Code   RO         6634    x$fpl$drleqf        fz_ws.l(drleqf.o)
    0x08013c68   0x00000016   Code   RO         6507    x$fpl$drsb          fz_ws.l(daddsub_clz.o)
    0x08013c7e   0x00000002   PAD
    0x08013c80   0x000001cc   Code   RO         6730    x$fpl$dsqrt         fz_ws.l(dsqrt_noumaal.o)
    0x08013e4c   0x000001d4   Code   RO         6508    x$fpl$dsub          fz_ws.l(daddsub_clz.o)
    0x08014020   0x00000056   Code   RO         6536    x$fpl$f2d           fz_ws.l(f2d.o)
    0x08014076   0x00000002   PAD
    0x08014078   0x00000030   Code   RO         6549    x$fpl$fflt          fz_ws.l(fflt_clz.o)
    0x080140a8   0x00000026   Code   RO         6548    x$fpl$ffltu         fz_ws.l(fflt_clz.o)
    0x080140ce   0x0000008c   Code   RO         6636    x$fpl$fnaninf       fz_ws.l(fnaninf.o)
    0x0801415a   0x00000002   PAD
    0x0801415c   0x000000c2   Code   RO         6516    x$fpl$llsfromd      fz_ws.l(dfixll.o)
    0x0801421e   0x00000004   Code   RO         6554    x$fpl$printf1       fz_ws.l(printf1.o)
    0x08014222   0x00000064   Code   RO         6757    x$fpl$retnan        fz_ws.l(retnan.o)
    0x08014286   0x0000005c   Code   RO         6640    x$fpl$scalbn        fz_ws.l(scalbn.o)
    0x080142e2   0x00000030   Code   RO         6769    x$fpl$trapveneer    fz_ws.l(trapv.o)
    0x08014312   0x00000000   Code   RO         6642    x$fpl$usenofp       fz_ws.l(usenofp.o)
    0x08014312   0x00000018   Data   RO         1211    .constdata          rtc.o
    0x0801432a   0x00000028   Data   RO         6433    .constdata          c_w.l(_printf_hex_int.o)
    0x08014352   0x00000011   Data   RO         6463    .constdata          c_w.l(__printf_flags_wp.o)
    0x08014363   0x00000005   PAD
    0x08014368   0x00000088   Data   RO         6558    .constdata          m_ws.l(pow.o)
    0x080143f0   0x0000000c   Data   RO         6586    .constdata          c_w.l(_monlen.o)
    0x080143fc   0x00000004   PAD
    0x08014400   0x00000008   Data   RO         6649    .constdata          m_ws.l(qnan.o)
    0x08014408   0x00000094   Data   RO         6690    .constdata          c_w.l(bigflt0.o)
    0x0801449c   0x00000020   Data   RO         6827    Region$$Table       anon$$obj.o
    0x080144bc   0x00000110   Data   RO         6718    locale$$data        c_w.l(lc_ctype_c.o)
    0x080145cc   0x0000001c   Data   RO         6721    locale$$data        c_w.l(lc_numeric_c.o)


    Execution Region RW_IRAM1 (Base: 0x20000000, Size: 0x0000b640, Max: 0x00010000, ABSOLUTE, COMPRESSED[0x00000184])

    Base Addr    Size         Type   Attr      Idx    E Section Name        Object

    0x20000000   0x00000266   Data   RW          290    .data               common.o
    0x20000266   0x00000002   PAD
    0x20000268   0x00000004   Data   RW          291    .data               common.o
    0x2000026c   0x00000004   Data   RW          292    .data               common.o
    0x20000270   0x00000004   Data   RW          293    .data               common.o
    0x20000274   0x00000004   Data   RW          294    .data               common.o
    0x20000278   0x00000001   Data   RW          297    .data               common.o
    0x20000279   0x00000001   Data   RW          299    .data               common.o
    0x2000027a   0x00000001   Data   RW          300    .data               common.o
    0x2000027b   0x00000001   PAD
    0x2000027c   0x00000004   Data   RW          301    .data               common.o
    0x20000280   0x00000004   Data   RW          700    .data               task_led.o
    0x20000284   0x00000004   Data   RW          701    .data               task_led.o
    0x20000288   0x00000004   Data   RW          723    .data               task_hci.o
    0x2000028c   0x00000004   Data   RW          724    .data               task_hci.o
    0x20000290   0x00000004   Data   RW          750    .data               task_sensor.o
    0x20000294   0x00000004   Data   RW          751    .data               task_sensor.o
    0x20000298   0x00000004   Data   RW          792    .data               task_net.o
    0x2000029c   0x00000018   Data   RW          793    .data               task_net.o
    0x200002b4   0x00000004   Data   RW          866    .data               task_main.o
    0x200002b8   0x00000008   Data   RW          867    .data               task_main.o
    0x200002c0   0x00000014   Data   RW          959    .data               system_stm32f10x.o
    0x200002d4   0x00000008   Data   RW          994    .data               delay.o
    0x200002dc   0x00000002   Data   RW         1212    .data               rtc.o
    0x200002de   0x0000001a   Data   RW         1273    .data               usart.o
    0x200002f8   0x00000004   Data   RW         1274    .data               usart.o
    0x200002fc   0x00000030   Data   RW         1379    .data               usart2.o
    0x2000032c   0x00000001   Data   RW         1380    .data               usart2.o
    0x2000032d   0x00000003   PAD
    0x20000330   0x00000004   Data   RW         1485    .data               sht2x.o
    0x20000334   0x00000004   Data   RW         1486    .data               sht2x.o
    0x20000338   0x00000004   Data   RW         1533    .data               bh1750.o
    0x2000033c   0x0000000c   Data   RW         1582    .data               inventr.o
    0x20000348   0x00000004   Data   RW         1583    .data               inventr.o
    0x2000034c   0x00000004   Data   RW         1584    .data               inventr.o
    0x20000350   0x00000004   Data   RW         1585    .data               inventr.o
    0x20000354   0x00000004   Data   RW         1586    .data               inventr.o
    0x20000358   0x0000000c   Data   RW         1626    .data               at_cmd.o
    0x20000364   0x00000001   Data   RW         1700    .data               bcxx.o
    0x20000365   0x00000014   Data   RW         3534    .data               stm32f10x_rcc.o
    0x20000379   0x00000003   PAD
    0x2000037c   0x00000014   Data   RW         4902    .data               malloc.o
    0x20000390   0x00000008   Data   RW         4990    .data               fifo.o
    0x20000398   0x00000001   Data   RW         5086    .data               at_protoco.o
    0x20000399   0x00000003   PAD
    0x2000039c   0x0000000c   Data   RW         5464    .data               port.o
    0x200003a8   0x00000038   Data   RW         5746    .data               tasks.o
    0x200003e0   0x00000001   Data   RW         6012    .data               environment.o
    0x200003e1   0x00000001   Data   RW         6088    .data               utils.o
    0x200003e2   0x00000005   Data   RW         6168    .data               nbiot.o
    0x200003e7   0x00000001   PAD
    0x200003e8   0x00000014   Zero   RW            3    .bss                main.o
    0x200003fc   0x00000200   Zero   RW          287    .bss                common.o
    0x200005fc   0x00000004   PAD
    0x20000600   0x00000140   Zero   RW          791    .bss                task_net.o
    0x20000740   0x0000000a   Zero   RW         1210    .bss                rtc.o
    0x2000074a   0x00000300   Zero   RW         1272    .bss                usart.o
    0x20000a4a   0x00000002   PAD
    0x20000a4c   0x00000418   Zero   RW         1377    .bss                usart2.o
    0x20000e64   0x00000202   Zero   RW         1378    .bss                usart2.o
    0x20001066   0x00000200   Zero   RW         1699    .bss                bcxx.o
    0x20001266   0x00000002   PAD
    0x20001268   0x00008000   Zero   RW         4897    .bss                malloc.o
    0x20009268   0x00000800   Zero   RW         4898    .bss                malloc.o
    0x20009a68   0x000000d0   Zero   RW         5085    .bss                at_protoco.o
    0x20009b38   0x00000118   Zero   RW         5745    .bss                tasks.o
    0x20009c50   0x000000aa   Zero   RW         6167    .bss                nbiot.o
    0x20009cfa   0x00000002   PAD
    0x20009cfc   0x000000e4   Zero   RW         6477    .bss                c_w.l(rand.o)
    0x20009de0   0x00000060   Zero   RW         6737    .bss                c_w.l(libspace.o)
    0x20009e40   0x00000200   Zero   RW          950    HEAP                startup_stm32f10x_hd.o
    0x2000a040   0x00001600   Zero   RW          949    STACK               startup_stm32f10x_hd.o


==============================================================================

Image component sizes


      Code (inc. data)   RO Data    RW Data    ZI Data      Debug   Object Name

       310         16          0          0          0       2267   24cxx.o
       324         26          0         12          0       3194   at_cmd.o
      5532       1366          0          1        208      20762   at_protoco.o
      4236       1036          0          1        512      22240   bcxx.o
         0          0          0          4          0        235   bh1750.o
      3536        464          0        637        512      32548   common.o
         0          0          0          0          0         32   core_cm3.o
       234         28          0          8          0       4588   delay.o
        68         12          0          1          0       1191   environment.o
         0          0          0          0          0       9420   event_groups.o
       216         14          0          8          0       2365   fifo.o
       724         40          0          0          0       4254   iic1.o
      1012         88          0         28          0       3298   inventr.o
        52          8          0          0          0        479   led.o
       136          0          0          0          0       2766   list.o
       136         14          0          0         20     301617   main.o
       304         34          0         20      34816       5081   malloc.o
       110          0          0          0          0       1901   memb.o
         8          0          0          0          0        892   memory.o
       144         20          0          0          0       1805   misc.o
      3416        294          0          5        170      12602   nbiot.o
       156          0          0          0          0       2553   nblist.o
      1000        130          0          0          0       4468   net_protocol.o
       732         24          0          0          0       3123   node.o
       708          6          0          0          0       3494   observe.o
       538         60          0         12          0       6532   port.o
      1286         14          0          0          0       8350   queue.o
       312         14          0          0          0       4516   registraction.o
        40          0          0          0          0       1618   ringbuf.o
       980         48         24          2         10       5628   rtc.o
       308        122          0          0          0      10330   rtos_task.o
         0          0          0          8          0        267   sht2x.o
        44          0          0          0          0       1642   socket.o
        64         26        304          0       6144        756   startup_stm32f10x_hd.o
        50          8          0          0          0       2436   stm32f10x_bkp.o
       318         10          0          0          0       4164   stm32f10x_dma.o
       174          0          0          0          0       3120   stm32f10x_gpio.o
        42         10          0          0          0       2525   stm32f10x_it.o
        68         30          0          0          0       2218   stm32f10x_iwdg.o
        12          6          0          0          0        450   stm32f10x_pwr.o
       388         74          0         20          0       8080   stm32f10x_rcc.o
       228         50          0          0          0       5042   stm32f10x_rtc.o
       222         42          0          0          0       3933   stm32f10x_tim.o
       478         24          0          0          0       6929   stm32f10x_usart.o
       182          0          0          0          0       1453   sys.o
       248         24          0         20          0       1753   system_stm32f10x.o
       228         62          0          8          0        846   task_hci.o
       124         14          0          8          0       1384   task_led.o
       716         52          0         12          0      17484   task_main.o
      1698         88          0         28        320       8273   task_net.o
       256         58          0          8          0       2204   task_sensor.o
      2132        180          0         56        280      18012   tasks.o
       258          0          0          0          0       2465   transaction.o
      1058         92          0         30        768      10496   usart.o
       616         92          0         49       1562       8102   usart2.o
       352          4          0          1          0       4969   utils.o

    ----------------------------------------------------------------------
     36564       4824        360       1000      45332     603152   Object Totals
         0          0         32          0          0          0   (incl. Generated)
        50          0          0         13         10          0   (incl. Padding)

    ----------------------------------------------------------------------

      Code (inc. data)   RO Data    RW Data    ZI Data      Debug   Library Member Name

        90          0          0          0          0          0   __dczerorl2.o
         8          0          0          0          0         68   __main.o
       316          6         17          0          0         92   __printf_flags_wp.o
        14          0          0          0          0         68   __printf_wp.o
        52          8          0          0          0          0   __scatter.o
        28          0          0          0          0          0   __scatter_zi.o
         0          0         12          0          0          0   _monlen.o
        44          0          0          0          0        108   _printf_char.o
        48          6          0          0          0         96   _printf_char_common.o
        36          4          0          0          0         80   _printf_char_file.o
         6          0          0          0          0          0   _printf_d.o
       120         18          0          0          0         92   _printf_dec.o
         6          0          0          0          0          0   _printf_f.o
      1056          0          0          0          0        216   _printf_fp_dec.o
       128         16          0          0          0         84   _printf_fp_infnan.o
        92          4         40          0          0         88   _printf_hex_int.o
       184          0          0          0          0         88   _printf_intcommon.o
        82          0          0          0          0        108   _printf_pad.o
         0          0          0          0          0          0   _printf_percent.o
         4          0          0          0          0          0   _printf_percent_end.o
         6          0          0          0          0          0   _printf_s.o
        82          0          0          0          0         80   _printf_str.o
         6          0          0          0          0          0   _printf_x.o
        22          0          0          0          0        100   _rserrno.o
        10          0          0          0          0         68   _sputc.o
        16          0          0          0          0         68   aeabi_memset.o
       228          6        148          0          0         96   bigflt0.o
      1910        128          0          0          0        672   btod.o
        12          0          0          0          0         72   exit.o
         8          0          0          0          0         68   ferror.o
         6          0          0          0          0        152   heapauxi.o
        44         10        272          0          0         76   lc_ctype_c.o
        44         10         28          0          0         76   lc_numeric_c.o
         2          0          0          0          0          0   libinit.o
        34          0          0          0          0          0   libinit2.o
         2          0          0          0          0          0   libshutdown.o
         2          0          0          0          0          0   libshutdown2.o
         8          4          0          0         96         68   libspace.o
       138          0          0          0          0         80   lludiv10.o
        88          0          0          0          0         76   memcmp.o
       420          8          0          0          0        128   mktime.o
        24          4          0          0          0         84   noretval__2printf.o
        40          6          0          0          0         84   noretval__2sprintf.o
       112         18          0          0        228        160   rand.o
        16          4          0          0          0         76   rt_ctype_table.o
         8          4          0          0          0         68   rt_errno_addr_intlibspace.o
         8          4          0          0          0         68   rt_locale_intlibspace.o
        68          0          0          0          0         68   rt_memclr.o
        78          0          0          0          0         80   rt_memclr_w.o
       138          0          0          0          0         68   rt_memcpy_v6.o
       100          0          0          0          0         80   rt_memcpy_w.o
         0          0          0          0          0          0   rtentry.o
        12          0          0          0          0          0   rtentry2.o
         6          0          0          0          0          0   rtentry4.o
         2          0          0          0          0          0   rtexit.o
        10          0          0          0          0          0   rtexit2.o
        24          0          0          0          0         68   strcat.o
       128          0          0          0          0         68   strcmpv7m.o
        62          0          0          0          0         76   strlen.o
        36          0          0          0          0         80   strstr.o
        74          0          0          0          0         80   sys_stackheap_outer.o
        30          0          0          0          0         76   toupper.o
         2          0          0          0          0         68   use_no_semi.o
         2          0          0          0          0         68   use_no_semi_2.o
       826         16          0          0          0        348   daddsub_clz.o
        16          4          0          0          0         68   dcheck1.o
        24          0          0          0          0         68   dcmpi.o
       688        140          0          0          0        208   ddiv.o
       194          4          0          0          0        116   dfixll.o
        90          4          0          0          0         92   dfixu.o
        84          0          0          0          0        136   dflt_clz.o
       162          0          0          0          0         84   dfltll_clz.o
       120          4          0          0          0         92   dleqf.o
       340         12          0          0          0        104   dmul.o
       156          4          0          0          0         92   dnaninf.o
        12          0          0          0          0         68   dretinf.o
       108          0          0          0          0         80   drleqf.o
       460         56          0          0          0        120   dsqrt_noumaal.o
        86          4          0          0          0         84   f2d.o
        86          0          0          0          0        136   fflt_clz.o
       140          4          0          0          0         84   fnaninf.o
         4          0          0          0          0         68   printf1.o
       100          0          0          0          0         68   retnan.o
        92          0          0          0          0         68   scalbn.o
        48          0          0          0          0         68   trapv.o
         0          0          0          0          0          0   usenofp.o
        16          6          0          0          0         68   dunder.o
        40          0          0          0          0         68   fpclassify.o
       170          0          0          0          0         96   poly.o
      2528        190        136          0          0        332   pow.o
         0          0          8          0          0          0   qnan.o
        76          0          0          0          0         84   sqrt.o

    ----------------------------------------------------------------------
     13070        716        670          0        324       7388   Library Totals
        22          0          9          0          0          0   (incl. Padding)

    ----------------------------------------------------------------------

      Code (inc. data)   RO Data    RW Data    ZI Data      Debug   Library Name

      6382        268        517          0        324       4488   c_w.l
      3836        252          0          0          0       2252   fz_ws.l
      2830        196        144          0          0        648   m_ws.l

    ----------------------------------------------------------------------
     13070        716        670          0        324       7388   Library Totals

    ----------------------------------------------------------------------

==============================================================================


      Code (inc. data)   RO Data    RW Data    ZI Data      Debug   

     49634       5540       1030       1000      45656     587712   Grand Totals
     49634       5540       1030        388      45656     587712   ELF Image Totals (compressed)
     49634       5540       1030        388          0          0   ROM Totals

==============================================================================

    Total RO  Size (Code + RO Data)                50664 (  49.48kB)
    Total RW  Size (RW Data + ZI Data)             46656 (  45.56kB)
    Total ROM Size (Code + RO Data + RW Data)      51052 (  49.86kB)

==============================================================================

